Archive member included because of file (symbol)

../../BSP/Debug\libBSP.a(rtc.o)
                              ./lab5.o (rtc_init)
../../BSP/Debug\libBSP.a(system.o)
                              ./lab5.o (sys_init)
../../BSP/Debug\libBSP.a(uart.o)
                              ./lab5.o (uart0_init)
../../BSP/Debug\libBSP.a(segs.o)
                              ../../BSP/Debug\libBSP.a(system.o) (segs_init)

Allocating common symbols
Common symbol       size              file

flag                0x1               ./lab5.o

Memory Configuration

Name             Origin             Length             Attributes
*default*        0x00000000         0xffffffff

Linker script and memory map

LOAD ./lab5.o
LOAD ../../BSP/Debug\libBSP.a
START GROUP
LOAD c:/users/dostatic/documents/eclipsearm/sourcery-g++-lite-arm-2011.03/bin/../lib/gcc/arm-none-eabi/4.5.2\libgcc.a
LOAD c:/users/dostatic/documents/eclipsearm/sourcery-g++-lite-arm-2011.03/bin/../lib/gcc/arm-none-eabi/4.5.2/../../../../arm-none-eabi/lib\libc.a
END GROUP
                0x0c100000                . = 0xc100000

.text           0x0c100000     0x1f7c
 *(.text)
 .text          0x0c100000      0x284 ./lab5.o
                0x0c100000                main
                0x0c100244                isr_tick
 .text          0x0c100284      0x92c ../../BSP/Debug\libBSP.a(rtc.o)
                0x0c100284                rtc_init
                0x0c1003c0                rtc_puttime
                0x0c100678                rtc_gettime
                0x0c100ae0                rtc_open
                0x0c100b5c                rtc_close
 .text          0x0c100bb0      0xd68 ../../BSP/Debug\libBSP.a(system.o)
                0x0c100bb0                sys_init
                0x0c101124                isr_SWI_dummy
                0x0c101150                isr_UNDEF_dummy
                0x0c10117c                isr_IRQ_dummy
                0x0c1011a8                isr_FIQ_dummy
                0x0c1011d4                isr_PABORT_dummy
                0x0c101200                isr_DABORT_dummy
                0x0c10122c                isr_ADC_dummy
                0x0c101258                isr_RTC_dummy
                0x0c101284                isr_UTXD1_dummy
                0x0c1012b0                isr_UTXD0_dummy
                0x0c1012dc                isr_SIO_dummy
                0x0c101308                isr_IIC_dummy
                0x0c101334                isr_URXD1_dummy
                0x0c101360                isr_URXD0_dummy
                0x0c10138c                isr_TIMER5_dummy
                0x0c1013b8                isr_TIMER4_dummy
                0x0c1013e4                isr_TIMER3_dummy
                0x0c101410                isr_TIMER2_dummy
                0x0c10143c                isr_TIMER1_dummy
                0x0c101468                isr_TIMER0_dummy
                0x0c101494                isr_UERR01_dummy
                0x0c1014c0                isr_WDT_dummy
                0x0c1014ec                isr_BDMA1_dummy
                0x0c101518                isr_BDMA0_dummy
                0x0c101544                isr_ZDMA1_dummy
                0x0c101570                isr_ZDMA0_dummy
                0x0c10159c                isr_TICK_dummy
                0x0c1015c8                isr_PB_dummy
                0x0c1015f4                isr_ETHERNET_dummy
                0x0c101620                isr_TS_dummy
                0x0c10164c                isr_KEYPAD_dummy
                0x0c101678                isr_USB_dummy
                0x0c1016c8                sleep
 .text          0x0c101918      0x590 ../../BSP/Debug\libBSP.a(uart.o)
                0x0c101918                uart0_init
                0x0c10197c                uart0_putchar
                0x0c1019cc                uart0_getchar
                0x0c101a14                uart0_puts
                0x0c101a64                uart0_putint
                0x0c101b70                uart0_puthex
                0x0c101c28                uart0_gets
                0x0c101c94                uart0_getint
                0x0c101d68                uart0_gethex
 .text          0x0c101ea8       0xd4 ../../BSP/Debug\libBSP.a(segs.o)
                0x0c101ea8                segs_init
                0x0c101ec4                segs_off
                0x0c101efc                segs_putchar
                0x0c101f54                segs_status

.glue_7         0x0c101f7c        0x0
 .glue_7        0x00000000        0x0 linker stubs

.glue_7t        0x0c101f7c        0x0
 .glue_7t       0x00000000        0x0 linker stubs

.vfp11_veneer   0x0c101f7c        0x0
 .vfp11_veneer  0x00000000        0x0 linker stubs

.v4_bx          0x0c101f7c        0x0
 .v4_bx         0x00000000        0x0 linker stubs

.rodata         0x0c101f7c      0x6c0
 *(.rodata)
 .rodata        0x0c101f7c       0xbc ./lab5.o
 .rodata        0x0c102038      0x5f4 ../../BSP/Debug\libBSP.a(system.o)
 .rodata        0x0c10262c       0x10 ../../BSP/Debug\libBSP.a(segs.o)

.data           0x0c10263c        0x0
 *(.data)
 .data          0x0c10263c        0x0 ./lab5.o
 .data          0x0c10263c        0x0 ../../BSP/Debug\libBSP.a(rtc.o)
 .data          0x0c10263c        0x0 ../../BSP/Debug\libBSP.a(system.o)
 .data          0x0c10263c        0x0 ../../BSP/Debug\libBSP.a(uart.o)
 .data          0x0c10263c        0x0 ../../BSP/Debug\libBSP.a(segs.o)

.bss            0x0c10263c        0x2
 *(.bss)
 .bss           0x0c10263c        0x0 ./lab5.o
 .bss           0x0c10263c        0x0 ../../BSP/Debug\libBSP.a(rtc.o)
 .bss           0x0c10263c        0x0 ../../BSP/Debug\libBSP.a(system.o)
 .bss           0x0c10263c        0x0 ../../BSP/Debug\libBSP.a(uart.o)
 .bss           0x0c10263c        0x1 ../../BSP/Debug\libBSP.a(segs.o)
 COMMON         0x0c10263d        0x1 ./lab5.o
                0x0c10263d                flag
                0x0c10263e                end = .
OUTPUT(lab5.elf elf32-littlearm)

.debug_abbrev   0x00000000      0x418
 .debug_abbrev  0x00000000       0xc8 ./lab5.o
 .debug_abbrev  0x000000c8       0xbe ../../BSP/Debug\libBSP.a(rtc.o)
 .debug_abbrev  0x00000186       0xeb ../../BSP/Debug\libBSP.a(system.o)
 .debug_abbrev  0x00000271       0xf4 ../../BSP/Debug\libBSP.a(uart.o)
 .debug_abbrev  0x00000365       0xb3 ../../BSP/Debug\libBSP.a(segs.o)

.debug_info     0x00000000      0xaef
 .debug_info    0x00000000      0x15a ./lab5.o
 .debug_info    0x0000015a      0x1ac ../../BSP/Debug\libBSP.a(rtc.o)
 .debug_info    0x00000306      0x424 ../../BSP/Debug\libBSP.a(system.o)
 .debug_info    0x0000072a      0x2b8 ../../BSP/Debug\libBSP.a(uart.o)
 .debug_info    0x000009e2      0x10d ../../BSP/Debug\libBSP.a(segs.o)

.debug_line     0x00000000      0x59b
 .debug_line    0x00000000       0xc5 ./lab5.o
 .debug_line    0x000000c5       0xec ../../BSP/Debug\libBSP.a(rtc.o)
 .debug_line    0x000001b1      0x230 ../../BSP/Debug\libBSP.a(system.o)
 .debug_line    0x000003e1      0x127 ../../BSP/Debug\libBSP.a(uart.o)
 .debug_line    0x00000508       0x93 ../../BSP/Debug\libBSP.a(segs.o)

.debug_macinfo  0x00000000    0x17a85
 .debug_macinfo
                0x00000000     0x4821 ./lab5.o
 .debug_macinfo
                0x00004821     0x4cee ../../BSP/Debug\libBSP.a(rtc.o)
 .debug_macinfo
                0x0000950f     0x5568 ../../BSP/Debug\libBSP.a(system.o)
 .debug_macinfo
                0x0000ea77     0x430d ../../BSP/Debug\libBSP.a(uart.o)
 .debug_macinfo
                0x00012d84     0x4d01 ../../BSP/Debug\libBSP.a(segs.o)

.debug_loc      0x00000000      0x9f8
 .debug_loc     0x00000000       0x58 ./lab5.o
 .debug_loc     0x00000058       0xdc ../../BSP/Debug\libBSP.a(rtc.o)
 .debug_loc     0x00000134      0x688 ../../BSP/Debug\libBSP.a(system.o)
 .debug_loc     0x000007bc      0x18c ../../BSP/Debug\libBSP.a(uart.o)
 .debug_loc     0x00000948       0xb0 ../../BSP/Debug\libBSP.a(segs.o)

.debug_pubnames
                0x00000000      0x41d
 .debug_pubnames
                0x00000000       0x31 ./lab5.o
 .debug_pubnames
                0x00000031       0x5a ../../BSP/Debug\libBSP.a(rtc.o)
 .debug_pubnames
                0x0000008b      0x29d ../../BSP/Debug\libBSP.a(system.o)
 .debug_pubnames
                0x00000328       0xa7 ../../BSP/Debug\libBSP.a(uart.o)
 .debug_pubnames
                0x000003cf       0x4e ../../BSP/Debug\libBSP.a(segs.o)

.debug_pubtypes
                0x00000000       0xf8
 .debug_pubtypes
                0x00000000       0x42 ./lab5.o
 .debug_pubtypes
                0x00000042       0x36 ../../BSP/Debug\libBSP.a(rtc.o)
 .debug_pubtypes
                0x00000078       0x27 ../../BSP/Debug\libBSP.a(system.o)
 .debug_pubtypes
                0x0000009f       0x3d ../../BSP/Debug\libBSP.a(uart.o)
 .debug_pubtypes
                0x000000dc       0x1c ../../BSP/Debug\libBSP.a(segs.o)

.debug_aranges  0x00000000       0xa0
 .debug_aranges
                0x00000000       0x20 ./lab5.o
 .debug_aranges
                0x00000020       0x20 ../../BSP/Debug\libBSP.a(rtc.o)
 .debug_aranges
                0x00000040       0x20 ../../BSP/Debug\libBSP.a(system.o)
 .debug_aranges
                0x00000060       0x20 ../../BSP/Debug\libBSP.a(uart.o)
 .debug_aranges
                0x00000080       0x20 ../../BSP/Debug\libBSP.a(segs.o)

.debug_str      0x00000000      0x4ac
 .debug_str     0x00000000       0xe7 ./lab5.o
                                0x100 (size before relaxing)
 .debug_str     0x000000e7       0x7c ../../BSP/Debug\libBSP.a(rtc.o)
                                0x126 (size before relaxing)
 .debug_str     0x00000163      0x26a ../../BSP/Debug\libBSP.a(system.o)
                                0x31c (size before relaxing)
 .debug_str     0x000003cd       0x96 ../../BSP/Debug\libBSP.a(uart.o)
                                0x15b (size before relaxing)
 .debug_str     0x00000463       0x49 ../../BSP/Debug\libBSP.a(segs.o)
                                 0xf4 (size before relaxing)

.comment        0x00000000       0x2a
 .comment       0x00000000       0x2a ./lab5.o
                                 0x2b (size before relaxing)
 .comment       0x00000000       0x2b ../../BSP/Debug\libBSP.a(rtc.o)
 .comment       0x00000000       0x2b ../../BSP/Debug\libBSP.a(system.o)
 .comment       0x00000000       0x2b ../../BSP/Debug\libBSP.a(uart.o)
 .comment       0x00000000       0x2b ../../BSP/Debug\libBSP.a(segs.o)

.ARM.attributes
                0x00000000       0x32
 .ARM.attributes
                0x00000000       0x32 ./lab5.o
 .ARM.attributes
                0x00000032       0x32 ../../BSP/Debug\libBSP.a(rtc.o)
 .ARM.attributes
                0x00000064       0x32 ../../BSP/Debug\libBSP.a(system.o)
 .ARM.attributes
                0x00000096       0x32 ../../BSP/Debug\libBSP.a(uart.o)
 .ARM.attributes
                0x000000c8       0x32 ../../BSP/Debug\libBSP.a(segs.o)

.debug_frame    0x00000000      0x918
 .debug_frame   0x00000000       0x58 ./lab5.o
 .debug_frame   0x00000058       0xb0 ../../BSP/Debug\libBSP.a(rtc.o)
 .debug_frame   0x00000108      0x650 ../../BSP/Debug\libBSP.a(system.o)
 .debug_frame   0x00000758      0x130 ../../BSP/Debug\libBSP.a(uart.o)
 .debug_frame   0x00000888       0x90 ../../BSP/Debug\libBSP.a(segs.o)
