Archive member included because of file (symbol)

../../BSP/Debug\libBSP.a(keypad.o)
                              ./lab12-cyclic.o (keypad_scan)
../../BSP/Debug\libBSP.a(lcd.o)
                              ./lab12-cyclic.o (lcd_init)
../../BSP/Debug\libBSP.a(leds.o)
                              ./lab12-cyclic.o (leds_init)
../../BSP/Debug\libBSP.a(pbs.o)
                              ./lab12-cyclic.o (pbs_init)
../../BSP/Debug\libBSP.a(rtc.o)
                              ./lab12-cyclic.o (rtc_init)
../../BSP/Debug\libBSP.a(segs.o)
                              ./lab12-cyclic.o (segs_init)
../../BSP/Debug\libBSP.a(system.o)
                              ./lab12-cyclic.o (sys_init)
../../BSP/Debug\libBSP.a(timers.o)
                              ./lab12-cyclic.o (timers_init)
../../BSP/Debug\libBSP.a(uart.o)
                              ./lab12-cyclic.o (uart0_init)
../../BSP/Debug\libBSP.a(font8x16.o)
                              ../../BSP/Debug\libBSP.a(lcd.o) (font)
c:/software/electronica/arm/eclipsearm/sourcery-g++-lite-arm-2011.03/bin/../lib/gcc/arm-none-eabi/4.5.2\libgcc.a(_udivsi3.o)
                              ../../BSP/Debug\libBSP.a(timers.o) (__aeabi_uidiv)
c:/software/electronica/arm/eclipsearm/sourcery-g++-lite-arm-2011.03/bin/../lib/gcc/arm-none-eabi/4.5.2\libgcc.a(_dvmd_tls.o)
                              c:/software/electronica/arm/eclipsearm/sourcery-g++-lite-arm-2011.03/bin/../lib/gcc/arm-none-eabi/4.5.2\libgcc.a(_udivsi3.o) (__aeabi_idiv0)
c:/software/electronica/arm/eclipsearm/sourcery-g++-lite-arm-2011.03/bin/../lib/gcc/arm-none-eabi/4.5.2\libgcc.a(_aeabi_uldivmod.o)
                              ../../BSP/Debug\libBSP.a(timers.o) (__aeabi_uldivmod)
c:/software/electronica/arm/eclipsearm/sourcery-g++-lite-arm-2011.03/bin/../lib/gcc/arm-none-eabi/4.5.2\libgcc.a(bpabi.o)
                              c:/software/electronica/arm/eclipsearm/sourcery-g++-lite-arm-2011.03/bin/../lib/gcc/arm-none-eabi/4.5.2\libgcc.a(_aeabi_uldivmod.o) (__gnu_uldivmod_helper)
c:/software/electronica/arm/eclipsearm/sourcery-g++-lite-arm-2011.03/bin/../lib/gcc/arm-none-eabi/4.5.2\libgcc.a(_divdi3.o)
                              c:/software/electronica/arm/eclipsearm/sourcery-g++-lite-arm-2011.03/bin/../lib/gcc/arm-none-eabi/4.5.2\libgcc.a(bpabi.o) (__divdi3)
c:/software/electronica/arm/eclipsearm/sourcery-g++-lite-arm-2011.03/bin/../lib/gcc/arm-none-eabi/4.5.2\libgcc.a(_udivdi3.o)
                              c:/software/electronica/arm/eclipsearm/sourcery-g++-lite-arm-2011.03/bin/../lib/gcc/arm-none-eabi/4.5.2\libgcc.a(bpabi.o) (__udivdi3)
c:/software/electronica/arm/eclipsearm/sourcery-g++-lite-arm-2011.03/bin/../lib/gcc/arm-none-eabi/4.5.2\libgcc.a(_clzsi2.o)
                              c:/software/electronica/arm/eclipsearm/sourcery-g++-lite-arm-2011.03/bin/../lib/gcc/arm-none-eabi/4.5.2\libgcc.a(_divdi3.o) (__clzsi2)

Allocating common symbols
Common symbol       size              file

scancode            0x1               ./lab12-cyclic.o
lcd_buffer          0x9600            ../../BSP/Debug\libBSP.a(lcd.o)
flagTask5           0x1               ./lab12-cyclic.o
flagTask6           0x1               ./lab12-cyclic.o
flagPb              0x1               ./lab12-cyclic.o
flagTimer           0x1               ./lab12-cyclic.o
flagTask8           0x1               ./lab12-cyclic.o

Memory Configuration

Name             Origin             Length             Attributes
*default*        0x00000000         0xffffffff

Linker script and memory map

LOAD ./lab12-cyclic.o
LOAD ../../BSP/Debug\libBSP.a
START GROUP
LOAD c:/software/electronica/arm/eclipsearm/sourcery-g++-lite-arm-2011.03/bin/../lib/gcc/arm-none-eabi/4.5.2\libgcc.a
LOAD c:/software/electronica/arm/eclipsearm/sourcery-g++-lite-arm-2011.03/bin/../lib/gcc/arm-none-eabi/4.5.2/../../../../arm-none-eabi/lib\libc.a
END GROUP
                0x0c100000                . = 0xc100000

.text           0x0c100000     0x57ac
 *(.text)
 .text          0x0c100000      0x850 ./lab12-cyclic.o
                0x0c100000                main
                0x0c100144                JobA
                0x0c100164                JobB
                0x0c100190                JobC
                0x0c1001c0                JobD
                0x0c1001f8                JobE
                0x0c100234                Task1
                0x0c10029c                Task2
                0x0c1003c8                Task3
                0x0c10046c                Task4
                0x0c100500                Task5
                0x0c100594                Task6
                0x0c100610                Task7
                0x0c100688                Task8
                0x0c10073c                Task9
                0x0c1007c0                isr_pb
                0x0c100810                isr_tick
 .text          0x0c100850      0x508 ../../BSP/Debug\libBSP.a(keypad.o)
                0x0c100850                keypad_scan
                0x0c100a74                keypad_pressed
                0x0c100ab4                keypad_open
                0x0c100b0c                keypad_close
                0x0c100b50                keypad_init
                0x0c100b88                keypad_getchar
                0x0c100bf0                keypad_getchartime
                0x0c100c8c                keypad_timeout_getchar
 .text          0x0c100d58     0x12ac ../../BSP/Debug\libBSP.a(lcd.o)
                0x0c100d58                lcd_init
                0x0c100edc                lcd_on
                0x0c100f18                lcd_off
                0x0c100f54                lcd_status
                0x0c100f7c                lcd_clear
                0x0c101000                lcd_putpixel
                0x0c1010ec                lcd_getpixel
                0x0c101188                lcd_draw_hrow
                0x0c101240                lcd_draw_vrow
                0x0c1012f8                lcd_draw_box
                0x0c101394                lcd_putchar
                0x0c1014e8                lcd_puts
                0x0c10155c                lcd_putint
                0x0c101690                lcd_puthex
                0x0c101770                lcd_putchar_x2
                0x0c101c20                lcd_puts_x2
                0x0c101c94                lcd_putint_x2
                0x0c101dc8                lcd_puthex_x2
                0x0c101ea8                lcd_putWallpaper
 .text          0x0c102004      0x1f4 ../../BSP/Debug\libBSP.a(leds.o)
                0x0c102004                leds_init
                0x0c102034                led_on
                0x0c1020a0                led_off
                0x0c10210c                led_toggle
                0x0c102178                led_status
 .text          0x0c1021f8      0x36c ../../BSP/Debug\libBSP.a(pbs.o)
                0x0c1021f8                pbs_init
                0x0c102214                pb_scan
                0x0c102270                pb_pressed
                0x0c1022c4                pb_getchar
                0x0c102338                pb_getchartime
                0x0c1023e0                pb_timeout_getchar
                0x0c1024b8                pbs_open
                0x0c102520                pbs_close
 .text          0x0c102564      0x92c ../../BSP/Debug\libBSP.a(rtc.o)
                0x0c102564                rtc_init
                0x0c1026a0                rtc_puttime
                0x0c102958                rtc_gettime
                0x0c102dc0                rtc_open
                0x0c102e3c                rtc_close
 .text          0x0c102e90       0xd4 ../../BSP/Debug\libBSP.a(segs.o)
                0x0c102e90                segs_init
                0x0c102eac                segs_off
                0x0c102ee4                segs_putchar
                0x0c102f3c                segs_status
 .text          0x0c102f64      0xd68 ../../BSP/Debug\libBSP.a(system.o)
                0x0c102f64                sys_init
                0x0c1034d8                isr_SWI_dummy
                0x0c103504                isr_UNDEF_dummy
                0x0c103530                isr_IRQ_dummy
                0x0c10355c                isr_FIQ_dummy
                0x0c103588                isr_PABORT_dummy
                0x0c1035b4                isr_DABORT_dummy
                0x0c1035e0                isr_ADC_dummy
                0x0c10360c                isr_RTC_dummy
                0x0c103638                isr_UTXD1_dummy
                0x0c103664                isr_UTXD0_dummy
                0x0c103690                isr_SIO_dummy
                0x0c1036bc                isr_IIC_dummy
                0x0c1036e8                isr_URXD1_dummy
                0x0c103714                isr_URXD0_dummy
                0x0c103740                isr_TIMER5_dummy
                0x0c10376c                isr_TIMER4_dummy
                0x0c103798                isr_TIMER3_dummy
                0x0c1037c4                isr_TIMER2_dummy
                0x0c1037f0                isr_TIMER1_dummy
                0x0c10381c                isr_TIMER0_dummy
                0x0c103848                isr_UERR01_dummy
                0x0c103874                isr_WDT_dummy
                0x0c1038a0                isr_BDMA1_dummy
                0x0c1038cc                isr_BDMA0_dummy
                0x0c1038f8                isr_ZDMA1_dummy
                0x0c103924                isr_ZDMA0_dummy
                0x0c103950                isr_TICK_dummy
                0x0c10397c                isr_PB_dummy
                0x0c1039a8                isr_ETHERNET_dummy
                0x0c1039d4                isr_TS_dummy
                0x0c103a00                isr_KEYPAD_dummy
                0x0c103a2c                isr_USB_dummy
                0x0c103a7c                sleep
 .text          0x0c103ccc      0xa58 ../../BSP/Debug\libBSP.a(timers.o)
                0x0c103ccc                timers_init
                0x0c103de0                wait_for_1ms
                0x0c103e98                wait_for_1s
                0x0c104010                timer3_delay_ms
                0x0c104054                sw_delay_ms
                0x0c1040ac                timer3_delay_s
                0x0c1040f0                sw_delay_s
                0x0c104148                timer3_start
                0x0c1041f8                timer3_stop
                0x0c10424c                timer3_start_timeout
                0x0c104304                timer3_timeout
                0x0c104340                timer0_open_tick
                0x0c104580                timer0_open_ms
                0x0c10468c                timer0_close
 .text          0x0c104724      0x590 ../../BSP/Debug\libBSP.a(uart.o)
                0x0c104724                uart0_init
                0x0c104788                uart0_putchar
                0x0c1047d8                uart0_getchar
                0x0c104820                uart0_puts
                0x0c104870                uart0_putint
                0x0c10497c                uart0_puthex
                0x0c104a34                uart0_gets
                0x0c104aa0                uart0_getint
                0x0c104b74                uart0_gethex
 .text          0x0c104cb4        0x0 ../../BSP/Debug\libBSP.a(font8x16.o)
 .text          0x0c104cb4      0x114 c:/software/electronica/arm/eclipsearm/sourcery-g++-lite-arm-2011.03/bin/../lib/gcc/arm-none-eabi/4.5.2\libgcc.a(_udivsi3.o)
                0x0c104cb4                __aeabi_uidiv
                0x0c104cb4                __udivsi3
                0x0c104da8                __aeabi_uidivmod
 .text          0x0c104dc8        0x4 c:/software/electronica/arm/eclipsearm/sourcery-g++-lite-arm-2011.03/bin/../lib/gcc/arm-none-eabi/4.5.2\libgcc.a(_dvmd_tls.o)
                0x0c104dc8                __aeabi_idiv0
                0x0c104dc8                __aeabi_ldiv0
 .text          0x0c104dcc       0x3c c:/software/electronica/arm/eclipsearm/sourcery-g++-lite-arm-2011.03/bin/../lib/gcc/arm-none-eabi/4.5.2\libgcc.a(_aeabi_uldivmod.o)
                0x0c104dcc                __aeabi_uldivmod
 .text          0x0c104e08       0x80 c:/software/electronica/arm/eclipsearm/sourcery-g++-lite-arm-2011.03/bin/../lib/gcc/arm-none-eabi/4.5.2\libgcc.a(bpabi.o)
                0x0c104e08                __gnu_ldivmod_helper
                0x0c104e48                __gnu_uldivmod_helper
 .text          0x0c104e88      0x4a8 c:/software/electronica/arm/eclipsearm/sourcery-g++-lite-arm-2011.03/bin/../lib/gcc/arm-none-eabi/4.5.2\libgcc.a(_divdi3.o)
                0x0c104e88                __divdi3
 .text          0x0c105330      0x434 c:/software/electronica/arm/eclipsearm/sourcery-g++-lite-arm-2011.03/bin/../lib/gcc/arm-none-eabi/4.5.2\libgcc.a(_udivdi3.o)
                0x0c105330                __udivdi3
 .text          0x0c105764       0x48 c:/software/electronica/arm/eclipsearm/sourcery-g++-lite-arm-2011.03/bin/../lib/gcc/arm-none-eabi/4.5.2\libgcc.a(_clzsi2.o)
                0x0c105764                __clzsi2

.glue_7         0x0c1057ac        0x0
 .glue_7        0x00000000        0x0 linker stubs

.glue_7t        0x0c1057ac        0x0
 .glue_7t       0x00000000        0x0 linker stubs

.vfp11_veneer   0x0c1057ac        0x0
 .vfp11_veneer  0x00000000        0x0 linker stubs

.v4_bx          0x0c1057ac        0x0
 .v4_bx         0x00000000        0x0 linker stubs

.rodata         0x0c1057ac     0x1aec
 *(.rodata)
 .rodata        0x0c1057ac      0x4e8 ./lab12-cyclic.o
                0x0c1057ac                pjobs
 .rodata        0x0c105c94       0x10 ../../BSP/Debug\libBSP.a(segs.o)
 .rodata        0x0c105ca4      0x5f4 ../../BSP/Debug\libBSP.a(system.o)
 .rodata        0x0c106298     0x1000 ../../BSP/Debug\libBSP.a(font8x16.o)
                0x0c106298                font

.ARM.extab      0x0c107298        0x0
 .ARM.extab     0x0c107298        0x0 c:/software/electronica/arm/eclipsearm/sourcery-g++-lite-arm-2011.03/bin/../lib/gcc/arm-none-eabi/4.5.2\libgcc.a(_divdi3.o)
 .ARM.extab     0x0c107298        0x0 c:/software/electronica/arm/eclipsearm/sourcery-g++-lite-arm-2011.03/bin/../lib/gcc/arm-none-eabi/4.5.2\libgcc.a(_udivdi3.o)

.ARM.exidx      0x0c107298        0x8
 .ARM.exidx     0x0c107298        0x8 c:/software/electronica/arm/eclipsearm/sourcery-g++-lite-arm-2011.03/bin/../lib/gcc/arm-none-eabi/4.5.2\libgcc.a(_divdi3.o)
 .ARM.exidx     0x0c1072a0        0x0 c:/software/electronica/arm/eclipsearm/sourcery-g++-lite-arm-2011.03/bin/../lib/gcc/arm-none-eabi/4.5.2\libgcc.a(_udivdi3.o)
                                  0x8 (size before relaxing)

.data           0x0c1072a0        0x9
 *(.data)
 .data          0x0c1072a0        0x9 ./lab12-cyclic.o
 .data          0x0c1072a9        0x0 ../../BSP/Debug\libBSP.a(keypad.o)
 .data          0x0c1072a9        0x0 ../../BSP/Debug\libBSP.a(lcd.o)
 .data          0x0c1072a9        0x0 ../../BSP/Debug\libBSP.a(leds.o)
 .data          0x0c1072a9        0x0 ../../BSP/Debug\libBSP.a(pbs.o)
 .data          0x0c1072a9        0x0 ../../BSP/Debug\libBSP.a(rtc.o)
 .data          0x0c1072a9        0x0 ../../BSP/Debug\libBSP.a(segs.o)
 .data          0x0c1072a9        0x0 ../../BSP/Debug\libBSP.a(system.o)
 .data          0x0c1072a9        0x0 ../../BSP/Debug\libBSP.a(timers.o)
 .data          0x0c1072a9        0x0 ../../BSP/Debug\libBSP.a(uart.o)
 .data          0x0c1072a9        0x0 ../../BSP/Debug\libBSP.a(font8x16.o)
 .data          0x0c1072a9        0x0 c:/software/electronica/arm/eclipsearm/sourcery-g++-lite-arm-2011.03/bin/../lib/gcc/arm-none-eabi/4.5.2\libgcc.a(_udivsi3.o)
 .data          0x0c1072a9        0x0 c:/software/electronica/arm/eclipsearm/sourcery-g++-lite-arm-2011.03/bin/../lib/gcc/arm-none-eabi/4.5.2\libgcc.a(_dvmd_tls.o)
 .data          0x0c1072a9        0x0 c:/software/electronica/arm/eclipsearm/sourcery-g++-lite-arm-2011.03/bin/../lib/gcc/arm-none-eabi/4.5.2\libgcc.a(_aeabi_uldivmod.o)
 .data          0x0c1072a9        0x0 c:/software/electronica/arm/eclipsearm/sourcery-g++-lite-arm-2011.03/bin/../lib/gcc/arm-none-eabi/4.5.2\libgcc.a(bpabi.o)
 .data          0x0c1072a9        0x0 c:/software/electronica/arm/eclipsearm/sourcery-g++-lite-arm-2011.03/bin/../lib/gcc/arm-none-eabi/4.5.2\libgcc.a(_divdi3.o)
 .data          0x0c1072a9        0x0 c:/software/electronica/arm/eclipsearm/sourcery-g++-lite-arm-2011.03/bin/../lib/gcc/arm-none-eabi/4.5.2\libgcc.a(_udivdi3.o)
 .data          0x0c1072a9        0x0 c:/software/electronica/arm/eclipsearm/sourcery-g++-lite-arm-2011.03/bin/../lib/gcc/arm-none-eabi/4.5.2\libgcc.a(_clzsi2.o)

.bss            0x0c1072ac     0x961c
 *(.bss)
 .bss           0x0c1072ac        0x8 ./lab12-cyclic.o
 .bss           0x0c1072b4        0x0 ../../BSP/Debug\libBSP.a(keypad.o)
 .bss           0x0c1072b4        0x1 ../../BSP/Debug\libBSP.a(lcd.o)
 .bss           0x0c1072b5        0x0 ../../BSP/Debug\libBSP.a(leds.o)
 .bss           0x0c1072b5        0x0 ../../BSP/Debug\libBSP.a(pbs.o)
 .bss           0x0c1072b5        0x0 ../../BSP/Debug\libBSP.a(rtc.o)
 .bss           0x0c1072b5        0x1 ../../BSP/Debug\libBSP.a(segs.o)
 .bss           0x0c1072b6        0x0 ../../BSP/Debug\libBSP.a(system.o)
 *fill*         0x0c1072b6        0x2 00
 .bss           0x0c1072b8        0x8 ../../BSP/Debug\libBSP.a(timers.o)
 .bss           0x0c1072c0        0x0 ../../BSP/Debug\libBSP.a(uart.o)
 .bss           0x0c1072c0        0x0 ../../BSP/Debug\libBSP.a(font8x16.o)
 .bss           0x0c1072c0        0x0 c:/software/electronica/arm/eclipsearm/sourcery-g++-lite-arm-2011.03/bin/../lib/gcc/arm-none-eabi/4.5.2\libgcc.a(_udivsi3.o)
 .bss           0x0c1072c0        0x0 c:/software/electronica/arm/eclipsearm/sourcery-g++-lite-arm-2011.03/bin/../lib/gcc/arm-none-eabi/4.5.2\libgcc.a(_dvmd_tls.o)
 .bss           0x0c1072c0        0x0 c:/software/electronica/arm/eclipsearm/sourcery-g++-lite-arm-2011.03/bin/../lib/gcc/arm-none-eabi/4.5.2\libgcc.a(_aeabi_uldivmod.o)
 .bss           0x0c1072c0        0x0 c:/software/electronica/arm/eclipsearm/sourcery-g++-lite-arm-2011.03/bin/../lib/gcc/arm-none-eabi/4.5.2\libgcc.a(bpabi.o)
 .bss           0x0c1072c0        0x0 c:/software/electronica/arm/eclipsearm/sourcery-g++-lite-arm-2011.03/bin/../lib/gcc/arm-none-eabi/4.5.2\libgcc.a(_divdi3.o)
 .bss           0x0c1072c0        0x0 c:/software/electronica/arm/eclipsearm/sourcery-g++-lite-arm-2011.03/bin/../lib/gcc/arm-none-eabi/4.5.2\libgcc.a(_udivdi3.o)
 .bss           0x0c1072c0        0x0 c:/software/electronica/arm/eclipsearm/sourcery-g++-lite-arm-2011.03/bin/../lib/gcc/arm-none-eabi/4.5.2\libgcc.a(_clzsi2.o)
 COMMON         0x0c1072c0        0x6 ./lab12-cyclic.o
                0x0c1072c0                scancode
                0x0c1072c1                flagTask5
                0x0c1072c2                flagTask6
                0x0c1072c3                flagPb
                0x0c1072c4                flagTimer
                0x0c1072c5                flagTask8
 *fill*         0x0c1072c6        0x2 00
 COMMON         0x0c1072c8     0x9600 ../../BSP/Debug\libBSP.a(lcd.o)
                0x0c1072c8                lcd_buffer
                0x0c1108c8                end = .
OUTPUT(lab12-cyclic.elf elf32-littlearm)

.debug_abbrev   0x00000000      0x987
 .debug_abbrev  0x00000000      0x151 ./lab12-cyclic.o
 .debug_abbrev  0x00000151       0xe9 ../../BSP/Debug\libBSP.a(keypad.o)
 .debug_abbrev  0x0000023a      0x16f ../../BSP/Debug\libBSP.a(lcd.o)
 .debug_abbrev  0x000003a9       0x8b ../../BSP/Debug\libBSP.a(leds.o)
 .debug_abbrev  0x00000434       0xc3 ../../BSP/Debug\libBSP.a(pbs.o)
 .debug_abbrev  0x000004f7       0xbe ../../BSP/Debug\libBSP.a(rtc.o)
 .debug_abbrev  0x000005b5       0xb3 ../../BSP/Debug\libBSP.a(segs.o)
 .debug_abbrev  0x00000668       0xeb ../../BSP/Debug\libBSP.a(system.o)
 .debug_abbrev  0x00000753       0xdd ../../BSP/Debug\libBSP.a(timers.o)
 .debug_abbrev  0x00000830       0xf4 ../../BSP/Debug\libBSP.a(uart.o)
 .debug_abbrev  0x00000924       0x63 ../../BSP/Debug\libBSP.a(font8x16.o)

.debug_info     0x00000000     0x1dee
 .debug_info    0x00000000      0x4ac ./lab12-cyclic.o
 .debug_info    0x000004ac      0x1c2 ../../BSP/Debug\libBSP.a(keypad.o)
 .debug_info    0x0000066e      0x7af ../../BSP/Debug\libBSP.a(lcd.o)
 .debug_info    0x00000e1d      0x12d ../../BSP/Debug\libBSP.a(leds.o)
 .debug_info    0x00000f4a      0x1b3 ../../BSP/Debug\libBSP.a(pbs.o)
 .debug_info    0x000010fd      0x1ac ../../BSP/Debug\libBSP.a(rtc.o)
 .debug_info    0x000012a9      0x10d ../../BSP/Debug\libBSP.a(segs.o)
 .debug_info    0x000013b6      0x424 ../../BSP/Debug\libBSP.a(system.o)
 .debug_info    0x000017da      0x2c7 ../../BSP/Debug\libBSP.a(timers.o)
 .debug_info    0x00001aa1      0x2b8 ../../BSP/Debug\libBSP.a(uart.o)
 .debug_info    0x00001d59       0x95 ../../BSP/Debug\libBSP.a(font8x16.o)

.debug_line     0x00000000      0xd7b
 .debug_line    0x00000000      0x1b5 ./lab12-cyclic.o
 .debug_line    0x000001b5      0x123 ../../BSP/Debug\libBSP.a(keypad.o)
 .debug_line    0x000002d8      0x228 ../../BSP/Debug\libBSP.a(lcd.o)
 .debug_line    0x00000500       0xc2 ../../BSP/Debug\libBSP.a(leds.o)
 .debug_line    0x000005c2       0xfe ../../BSP/Debug\libBSP.a(pbs.o)
 .debug_line    0x000006c0       0xec ../../BSP/Debug\libBSP.a(rtc.o)
 .debug_line    0x000007ac       0x93 ../../BSP/Debug\libBSP.a(segs.o)
 .debug_line    0x0000083f      0x230 ../../BSP/Debug\libBSP.a(system.o)
 .debug_line    0x00000a6f      0x18f ../../BSP/Debug\libBSP.a(timers.o)
 .debug_line    0x00000bfe      0x127 ../../BSP/Debug\libBSP.a(uart.o)
 .debug_line    0x00000d25       0x56 ../../BSP/Debug\libBSP.a(font8x16.o)

.debug_macinfo  0x00000000    0x31b7d
 .debug_macinfo
                0x00000000     0x55b3 ./lab12-cyclic.o
 .debug_macinfo
                0x000055b3     0x4eba ../../BSP/Debug\libBSP.a(keypad.o)
 .debug_macinfo
                0x0000a46d     0x439b ../../BSP/Debug\libBSP.a(lcd.o)
 .debug_macinfo
                0x0000e808     0x432c ../../BSP/Debug\libBSP.a(leds.o)
 .debug_macinfo
                0x00012b34     0x4d91 ../../BSP/Debug\libBSP.a(pbs.o)
 .debug_macinfo
                0x000178c5     0x4cee ../../BSP/Debug\libBSP.a(rtc.o)
 .debug_macinfo
                0x0001c5b3     0x4d01 ../../BSP/Debug\libBSP.a(segs.o)
 .debug_macinfo
                0x000212b4     0x5568 ../../BSP/Debug\libBSP.a(system.o)
 .debug_macinfo
                0x0002681c     0x4d1b ../../BSP/Debug\libBSP.a(timers.o)
 .debug_macinfo
                0x0002b537     0x430d ../../BSP/Debug\libBSP.a(uart.o)
 .debug_macinfo
                0x0002f844     0x2339 ../../BSP/Debug\libBSP.a(font8x16.o)

.debug_loc      0x00000000     0x1600
 .debug_loc     0x00000000      0x2ec ./lab12-cyclic.o
 .debug_loc     0x000002ec      0x160 ../../BSP/Debug\libBSP.a(keypad.o)
 .debug_loc     0x0000044c      0x344 ../../BSP/Debug\libBSP.a(lcd.o)
 .debug_loc     0x00000790       0xdc ../../BSP/Debug\libBSP.a(leds.o)
 .debug_loc     0x0000086c      0x160 ../../BSP/Debug\libBSP.a(pbs.o)
 .debug_loc     0x000009cc       0xdc ../../BSP/Debug\libBSP.a(rtc.o)
 .debug_loc     0x00000aa8       0xb0 ../../BSP/Debug\libBSP.a(segs.o)
 .debug_loc     0x00000b58      0x688 ../../BSP/Debug\libBSP.a(system.o)
 .debug_loc     0x000011e0      0x294 ../../BSP/Debug\libBSP.a(timers.o)
 .debug_loc     0x00001474      0x18c ../../BSP/Debug\libBSP.a(uart.o)

.debug_pubnames
                0x00000000      0x908
 .debug_pubnames
                0x00000000      0x114 ./lab12-cyclic.o
 .debug_pubnames
                0x00000114       0xab ../../BSP/Debug\libBSP.a(keypad.o)
 .debug_pubnames
                0x000001bf      0x150 ../../BSP/Debug\libBSP.a(lcd.o)
 .debug_pubnames
                0x0000030f       0x55 ../../BSP/Debug\libBSP.a(leds.o)
 .debug_pubnames
                0x00000364       0x8e ../../BSP/Debug\libBSP.a(pbs.o)
 .debug_pubnames
                0x000003f2       0x5a ../../BSP/Debug\libBSP.a(rtc.o)
 .debug_pubnames
                0x0000044c       0x4e ../../BSP/Debug\libBSP.a(segs.o)
 .debug_pubnames
                0x0000049a      0x29d ../../BSP/Debug\libBSP.a(system.o)
 .debug_pubnames
                0x00000737      0x10f ../../BSP/Debug\libBSP.a(timers.o)
 .debug_pubnames
                0x00000846       0xa7 ../../BSP/Debug\libBSP.a(uart.o)
 .debug_pubnames
                0x000008ed       0x1b ../../BSP/Debug\libBSP.a(font8x16.o)

.debug_pubtypes
                0x00000000      0x221
 .debug_pubtypes
                0x00000000       0x4b ./lab12-cyclic.o
 .debug_pubtypes
                0x0000004b       0x32 ../../BSP/Debug\libBSP.a(keypad.o)
 .debug_pubtypes
                0x0000007d       0x3c ../../BSP/Debug\libBSP.a(lcd.o)
 .debug_pubtypes
                0x000000b9       0x27 ../../BSP/Debug\libBSP.a(leds.o)
 .debug_pubtypes
                0x000000e0       0x32 ../../BSP/Debug\libBSP.a(pbs.o)
 .debug_pubtypes
                0x00000112       0x36 ../../BSP/Debug\libBSP.a(rtc.o)
 .debug_pubtypes
                0x00000148       0x1c ../../BSP/Debug\libBSP.a(segs.o)
 .debug_pubtypes
                0x00000164       0x27 ../../BSP/Debug\libBSP.a(system.o)
 .debug_pubtypes
                0x0000018b       0x3d ../../BSP/Debug\libBSP.a(timers.o)
 .debug_pubtypes
                0x000001c8       0x3d ../../BSP/Debug\libBSP.a(uart.o)
 .debug_pubtypes
                0x00000205       0x1c ../../BSP/Debug\libBSP.a(font8x16.o)

.debug_aranges  0x00000000      0x140
 .debug_aranges
                0x00000000       0x20 ./lab12-cyclic.o
 .debug_aranges
                0x00000020       0x20 ../../BSP/Debug\libBSP.a(keypad.o)
 .debug_aranges
                0x00000040       0x20 ../../BSP/Debug\libBSP.a(lcd.o)
 .debug_aranges
                0x00000060       0x20 ../../BSP/Debug\libBSP.a(leds.o)
 .debug_aranges
                0x00000080       0x20 ../../BSP/Debug\libBSP.a(pbs.o)
 .debug_aranges
                0x000000a0       0x20 ../../BSP/Debug\libBSP.a(rtc.o)
 .debug_aranges
                0x000000c0       0x20 ../../BSP/Debug\libBSP.a(segs.o)
 .debug_aranges
                0x000000e0       0x20 ../../BSP/Debug\libBSP.a(system.o)
 .debug_aranges
                0x00000100       0x20 ../../BSP/Debug\libBSP.a(timers.o)
 .debug_aranges
                0x00000120       0x20 ../../BSP/Debug\libBSP.a(uart.o)

.debug_str      0x00000000      0x8c0
 .debug_str     0x00000000      0x184 ./lab12-cyclic.o
                                0x1b9 (size before relaxing)
 .debug_str     0x00000184       0xa7 ../../BSP/Debug\libBSP.a(keypad.o)
                                0x132 (size before relaxing)
 .debug_str     0x0000022b      0x15e ../../BSP/Debug\libBSP.a(lcd.o)
                                0x215 (size before relaxing)
 .debug_str     0x00000389       0x3d ../../BSP/Debug\libBSP.a(leds.o)
                                 0xd6 (size before relaxing)
 .debug_str     0x000003c6       0x69 ../../BSP/Debug\libBSP.a(pbs.o)
                                0x112 (size before relaxing)
 .debug_str     0x0000042f       0x4c ../../BSP/Debug\libBSP.a(rtc.o)
                                0x10d (size before relaxing)
 .debug_str     0x0000047b       0x43 ../../BSP/Debug\libBSP.a(segs.o)
                                 0xdb (size before relaxing)
 .debug_str     0x000004be      0x26a ../../BSP/Debug\libBSP.a(system.o)
                                0x303 (size before relaxing)
 .debug_str     0x00000728       0xf9 ../../BSP/Debug\libBSP.a(timers.o)
                                0x19e (size before relaxing)
 .debug_str     0x00000821       0x8d ../../BSP/Debug\libBSP.a(uart.o)
                                0x142 (size before relaxing)
 .debug_str     0x000008ae       0x12 ../../BSP/Debug\libBSP.a(font8x16.o)
                                 0xa9 (size before relaxing)

.comment        0x00000000       0x2a
 .comment       0x00000000       0x2a ./lab12-cyclic.o
                                 0x2b (size before relaxing)
 .comment       0x00000000       0x2b ../../BSP/Debug\libBSP.a(keypad.o)
 .comment       0x00000000       0x2b ../../BSP/Debug\libBSP.a(lcd.o)
 .comment       0x00000000       0x2b ../../BSP/Debug\libBSP.a(leds.o)
 .comment       0x00000000       0x2b ../../BSP/Debug\libBSP.a(pbs.o)
 .comment       0x00000000       0x2b ../../BSP/Debug\libBSP.a(rtc.o)
 .comment       0x00000000       0x2b ../../BSP/Debug\libBSP.a(segs.o)
 .comment       0x00000000       0x2b ../../BSP/Debug\libBSP.a(system.o)
 .comment       0x00000000       0x2b ../../BSP/Debug\libBSP.a(timers.o)
 .comment       0x00000000       0x2b ../../BSP/Debug\libBSP.a(uart.o)
 .comment       0x00000000       0x2b ../../BSP/Debug\libBSP.a(font8x16.o)

.ARM.attributes
                0x00000000       0x32
 .ARM.attributes
                0x00000000       0x32 ./lab12-cyclic.o
 .ARM.attributes
                0x00000032       0x32 ../../BSP/Debug\libBSP.a(keypad.o)
 .ARM.attributes
                0x00000064       0x32 ../../BSP/Debug\libBSP.a(lcd.o)
 .ARM.attributes
                0x00000096       0x32 ../../BSP/Debug\libBSP.a(leds.o)
 .ARM.attributes
                0x000000c8       0x32 ../../BSP/Debug\libBSP.a(pbs.o)
 .ARM.attributes
                0x000000fa       0x32 ../../BSP/Debug\libBSP.a(rtc.o)
 .ARM.attributes
                0x0000012c       0x32 ../../BSP/Debug\libBSP.a(segs.o)
 .ARM.attributes
                0x0000015e       0x32 ../../BSP/Debug\libBSP.a(system.o)
 .ARM.attributes
                0x00000190       0x32 ../../BSP/Debug\libBSP.a(timers.o)
 .ARM.attributes
                0x000001c2       0x32 ../../BSP/Debug\libBSP.a(uart.o)
 .ARM.attributes
                0x000001f4       0x32 ../../BSP/Debug\libBSP.a(font8x16.o)
 .ARM.attributes
                0x00000226       0x1a c:/software/electronica/arm/eclipsearm/sourcery-g++-lite-arm-2011.03/bin/../lib/gcc/arm-none-eabi/4.5.2\libgcc.a(_udivsi3.o)
 .ARM.attributes
                0x00000240       0x18 c:/software/electronica/arm/eclipsearm/sourcery-g++-lite-arm-2011.03/bin/../lib/gcc/arm-none-eabi/4.5.2\libgcc.a(_dvmd_tls.o)
 .ARM.attributes
                0x00000258       0x1a c:/software/electronica/arm/eclipsearm/sourcery-g++-lite-arm-2011.03/bin/../lib/gcc/arm-none-eabi/4.5.2\libgcc.a(_aeabi_uldivmod.o)
 .ARM.attributes
                0x00000272       0x34 c:/software/electronica/arm/eclipsearm/sourcery-g++-lite-arm-2011.03/bin/../lib/gcc/arm-none-eabi/4.5.2\libgcc.a(bpabi.o)
 .ARM.attributes
                0x000002a6       0x34 c:/software/electronica/arm/eclipsearm/sourcery-g++-lite-arm-2011.03/bin/../lib/gcc/arm-none-eabi/4.5.2\libgcc.a(_divdi3.o)
 .ARM.attributes
                0x000002da       0x34 c:/software/electronica/arm/eclipsearm/sourcery-g++-lite-arm-2011.03/bin/../lib/gcc/arm-none-eabi/4.5.2\libgcc.a(_udivdi3.o)
 .ARM.attributes
                0x0000030e       0x1a c:/software/electronica/arm/eclipsearm/sourcery-g++-lite-arm-2011.03/bin/../lib/gcc/arm-none-eabi/4.5.2\libgcc.a(_clzsi2.o)

.debug_frame    0x00000000     0x1320
 .debug_frame   0x00000000      0x240 ./lab12-cyclic.o
 .debug_frame   0x00000240      0x110 ../../BSP/Debug\libBSP.a(keypad.o)
 .debug_frame   0x00000350      0x270 ../../BSP/Debug\libBSP.a(lcd.o)
 .debug_frame   0x000005c0       0xb0 ../../BSP/Debug\libBSP.a(leds.o)
 .debug_frame   0x00000670      0x110 ../../BSP/Debug\libBSP.a(pbs.o)
 .debug_frame   0x00000780       0xb0 ../../BSP/Debug\libBSP.a(rtc.o)
 .debug_frame   0x00000830       0x90 ../../BSP/Debug\libBSP.a(segs.o)
 .debug_frame   0x000008c0      0x650 ../../BSP/Debug\libBSP.a(system.o)
 .debug_frame   0x00000f10      0x1f8 ../../BSP/Debug\libBSP.a(timers.o)
 .debug_frame   0x00001108      0x130 ../../BSP/Debug\libBSP.a(uart.o)
 .debug_frame   0x00001238       0x20 c:/software/electronica/arm/eclipsearm/sourcery-g++-lite-arm-2011.03/bin/../lib/gcc/arm-none-eabi/4.5.2\libgcc.a(_udivsi3.o)
 .debug_frame   0x00001258       0x50 c:/software/electronica/arm/eclipsearm/sourcery-g++-lite-arm-2011.03/bin/../lib/gcc/arm-none-eabi/4.5.2\libgcc.a(bpabi.o)
 .debug_frame   0x000012a8       0x3c c:/software/electronica/arm/eclipsearm/sourcery-g++-lite-arm-2011.03/bin/../lib/gcc/arm-none-eabi/4.5.2\libgcc.a(_divdi3.o)
 .debug_frame   0x000012e4       0x3c c:/software/electronica/arm/eclipsearm/sourcery-g++-lite-arm-2011.03/bin/../lib/gcc/arm-none-eabi/4.5.2\libgcc.a(_udivdi3.o)
