Archive member included because of file (symbol)

../../BSP/Debug\libBSP.a(lcd.o)
                              ./lab7.o (lcd_init)
../../BSP/Debug\libBSP.a(system.o)
                              ./lab7.o (sys_init)
../../BSP/Debug\libBSP.a(uart.o)
                              ../../BSP/Debug\libBSP.a(system.o) (uart0_init)
../../BSP/Debug\libBSP.a(font8x16.o)
                              ../../BSP/Debug\libBSP.a(lcd.o) (font)
../../BSP/Debug\libBSP.a(segs.o)
                              ../../BSP/Debug\libBSP.a(system.o) (segs_init)

Allocating common symbols
Common symbol       size              file

lcd_buffer          0x9600            ../../BSP/Debug\libBSP.a(lcd.o)

Memory Configuration

Name             Origin             Length             Attributes
*default*        0x00000000         0xffffffff

Linker script and memory map

LOAD ./lab7.o
LOAD ../../BSP/Debug\libBSP.a
START GROUP
LOAD c:/software/electronica/arm/eclipsearm/sourcery-g++-lite-arm-2011.03/bin/../lib/gcc/arm-none-eabi/4.5.2\libgcc.a
LOAD c:/software/electronica/arm/eclipsearm/sourcery-g++-lite-arm-2011.03/bin/../lib/gcc/arm-none-eabi/4.5.2/../../../../arm-none-eabi/lib\libc.a
END GROUP
                0x0c100000                . = 0xc100000

.text           0x0c100000     0x298c
 *(.text)
 .text          0x0c100000      0x314 ./lab7.o
                0x0c100000                main
                0x0c1002d0                one_second_loop
 .text          0x0c100314     0x12ac ../../BSP/Debug\libBSP.a(lcd.o)
                0x0c100314                lcd_init
                0x0c100498                lcd_on
                0x0c1004d4                lcd_off
                0x0c100510                lcd_status
                0x0c100538                lcd_clear
                0x0c1005bc                lcd_putpixel
                0x0c1006a8                lcd_getpixel
                0x0c100744                lcd_draw_hrow
                0x0c1007fc                lcd_draw_vrow
                0x0c1008b4                lcd_draw_box
                0x0c100950                lcd_putchar
                0x0c100aa4                lcd_puts
                0x0c100b18                lcd_putint
                0x0c100c4c                lcd_puthex
                0x0c100d2c                lcd_putchar_x2
                0x0c1011dc                lcd_puts_x2
                0x0c101250                lcd_putint_x2
                0x0c101384                lcd_puthex_x2
                0x0c101464                lcd_putWallpaper
 .text          0x0c1015c0      0xd68 ../../BSP/Debug\libBSP.a(system.o)
                0x0c1015c0                sys_init
                0x0c101b34                isr_SWI_dummy
                0x0c101b60                isr_UNDEF_dummy
                0x0c101b8c                isr_IRQ_dummy
                0x0c101bb8                isr_FIQ_dummy
                0x0c101be4                isr_PABORT_dummy
                0x0c101c10                isr_DABORT_dummy
                0x0c101c3c                isr_ADC_dummy
                0x0c101c68                isr_RTC_dummy
                0x0c101c94                isr_UTXD1_dummy
                0x0c101cc0                isr_UTXD0_dummy
                0x0c101cec                isr_SIO_dummy
                0x0c101d18                isr_IIC_dummy
                0x0c101d44                isr_URXD1_dummy
                0x0c101d70                isr_URXD0_dummy
                0x0c101d9c                isr_TIMER5_dummy
                0x0c101dc8                isr_TIMER4_dummy
                0x0c101df4                isr_TIMER3_dummy
                0x0c101e20                isr_TIMER2_dummy
                0x0c101e4c                isr_TIMER1_dummy
                0x0c101e78                isr_TIMER0_dummy
                0x0c101ea4                isr_UERR01_dummy
                0x0c101ed0                isr_WDT_dummy
                0x0c101efc                isr_BDMA1_dummy
                0x0c101f28                isr_BDMA0_dummy
                0x0c101f54                isr_ZDMA1_dummy
                0x0c101f80                isr_ZDMA0_dummy
                0x0c101fac                isr_TICK_dummy
                0x0c101fd8                isr_PB_dummy
                0x0c102004                isr_ETHERNET_dummy
                0x0c102030                isr_TS_dummy
                0x0c10205c                isr_KEYPAD_dummy
                0x0c102088                isr_USB_dummy
                0x0c1020d8                sleep
 .text          0x0c102328      0x590 ../../BSP/Debug\libBSP.a(uart.o)
                0x0c102328                uart0_init
                0x0c10238c                uart0_putchar
                0x0c1023dc                uart0_getchar
                0x0c102424                uart0_puts
                0x0c102474                uart0_putint
                0x0c102580                uart0_puthex
                0x0c102638                uart0_gets
                0x0c1026a4                uart0_getint
                0x0c102778                uart0_gethex
 .text          0x0c1028b8        0x0 ../../BSP/Debug\libBSP.a(font8x16.o)
 .text          0x0c1028b8       0xd4 ../../BSP/Debug\libBSP.a(segs.o)
                0x0c1028b8                segs_init
                0x0c1028d4                segs_off
                0x0c10290c                segs_putchar
                0x0c102964                segs_status

.glue_7         0x0c10298c        0x0
 .glue_7        0x00000000        0x0 linker stubs

.glue_7t        0x0c10298c        0x0
 .glue_7t       0x00000000        0x0 linker stubs

.vfp11_veneer   0x0c10298c        0x0
 .vfp11_veneer  0x00000000        0x0 linker stubs

.v4_bx          0x0c10298c        0x0
 .v4_bx         0x00000000        0x0 linker stubs

.rodata         0x0c10298c     0x1698
 *(.rodata)
 .rodata        0x0c10298c       0x94 ./lab7.o
 .rodata        0x0c102a20      0x5f4 ../../BSP/Debug\libBSP.a(system.o)
 .rodata        0x0c103014     0x1000 ../../BSP/Debug\libBSP.a(font8x16.o)
                0x0c103014                font
 .rodata        0x0c104014       0x10 ../../BSP/Debug\libBSP.a(segs.o)

.data           0x0c104024        0x0
 *(.data)
 .data          0x0c104024        0x0 ./lab7.o
 .data          0x0c104024        0x0 ../../BSP/Debug\libBSP.a(lcd.o)
 .data          0x0c104024        0x0 ../../BSP/Debug\libBSP.a(system.o)
 .data          0x0c104024        0x0 ../../BSP/Debug\libBSP.a(uart.o)
 .data          0x0c104024        0x0 ../../BSP/Debug\libBSP.a(font8x16.o)
 .data          0x0c104024        0x0 ../../BSP/Debug\libBSP.a(segs.o)

.bss            0x0c104024     0x9604
 *(.bss)
 .bss           0x0c104024        0x0 ./lab7.o
 .bss           0x0c104024        0x1 ../../BSP/Debug\libBSP.a(lcd.o)
 .bss           0x0c104025        0x0 ../../BSP/Debug\libBSP.a(system.o)
 .bss           0x0c104025        0x0 ../../BSP/Debug\libBSP.a(uart.o)
 .bss           0x0c104025        0x0 ../../BSP/Debug\libBSP.a(font8x16.o)
 .bss           0x0c104025        0x1 ../../BSP/Debug\libBSP.a(segs.o)
 *fill*         0x0c104026        0x2 00
 COMMON         0x0c104028     0x9600 ../../BSP/Debug\libBSP.a(lcd.o)
                0x0c104028                lcd_buffer
                0x0c10d628                end = .
OUTPUT(lab7.elf elf32-littlearm)

.debug_abbrev   0x00000000      0x502
 .debug_abbrev  0x00000000       0x9e ./lab7.o
 .debug_abbrev  0x0000009e      0x16f ../../BSP/Debug\libBSP.a(lcd.o)
 .debug_abbrev  0x0000020d       0xeb ../../BSP/Debug\libBSP.a(system.o)
 .debug_abbrev  0x000002f8       0xf4 ../../BSP/Debug\libBSP.a(uart.o)
 .debug_abbrev  0x000003ec       0x63 ../../BSP/Debug\libBSP.a(font8x16.o)
 .debug_abbrev  0x0000044f       0xb3 ../../BSP/Debug\libBSP.a(segs.o)

.debug_info     0x00000000     0x1139
 .debug_info    0x00000000      0x10c ./lab7.o
 .debug_info    0x0000010c      0x7af ../../BSP/Debug\libBSP.a(lcd.o)
 .debug_info    0x000008bb      0x424 ../../BSP/Debug\libBSP.a(system.o)
 .debug_info    0x00000cdf      0x2b8 ../../BSP/Debug\libBSP.a(uart.o)
 .debug_info    0x00000f97       0x95 ../../BSP/Debug\libBSP.a(font8x16.o)
 .debug_info    0x0000102c      0x10d ../../BSP/Debug\libBSP.a(segs.o)

.debug_line     0x00000000      0x761
 .debug_line    0x00000000       0xed ./lab7.o
 .debug_line    0x000000ed      0x234 ../../BSP/Debug\libBSP.a(lcd.o)
 .debug_line    0x00000321      0x230 ../../BSP/Debug\libBSP.a(system.o)
 .debug_line    0x00000551      0x127 ../../BSP/Debug\libBSP.a(uart.o)
 .debug_line    0x00000678       0x56 ../../BSP/Debug\libBSP.a(font8x16.o)
 .debug_line    0x000006ce       0x93 ../../BSP/Debug\libBSP.a(segs.o)

.debug_macinfo  0x00000000    0x195be
 .debug_macinfo
                0x00000000     0x4974 ./lab7.o
 .debug_macinfo
                0x00004974     0x439b ../../BSP/Debug\libBSP.a(lcd.o)
 .debug_macinfo
                0x00008d0f     0x5568 ../../BSP/Debug\libBSP.a(system.o)
 .debug_macinfo
                0x0000e277     0x430d ../../BSP/Debug\libBSP.a(uart.o)
 .debug_macinfo
                0x00012584     0x2339 ../../BSP/Debug\libBSP.a(font8x16.o)
 .debug_macinfo
                0x000148bd     0x4d01 ../../BSP/Debug\libBSP.a(segs.o)

.debug_loc      0x00000000      0xc60
 .debug_loc     0x00000000       0x58 ./lab7.o
 .debug_loc     0x00000058      0x344 ../../BSP/Debug\libBSP.a(lcd.o)
 .debug_loc     0x0000039c      0x688 ../../BSP/Debug\libBSP.a(system.o)
 .debug_loc     0x00000a24      0x18c ../../BSP/Debug\libBSP.a(uart.o)
 .debug_loc     0x00000bb0       0xb0 ../../BSP/Debug\libBSP.a(segs.o)

.debug_pubnames
                0x00000000      0x52c
 .debug_pubnames
                0x00000000       0x2f ./lab7.o
 .debug_pubnames
                0x0000002f      0x150 ../../BSP/Debug\libBSP.a(lcd.o)
 .debug_pubnames
                0x0000017f      0x29d ../../BSP/Debug\libBSP.a(system.o)
 .debug_pubnames
                0x0000041c       0xa7 ../../BSP/Debug\libBSP.a(uart.o)
 .debug_pubnames
                0x000004c3       0x1b ../../BSP/Debug\libBSP.a(font8x16.o)
 .debug_pubnames
                0x000004de       0x4e ../../BSP/Debug\libBSP.a(segs.o)

.debug_pubtypes
                0x00000000      0x10a
 .debug_pubtypes
                0x00000000       0x32 ./lab7.o
 .debug_pubtypes
                0x00000032       0x3c ../../BSP/Debug\libBSP.a(lcd.o)
 .debug_pubtypes
                0x0000006e       0x27 ../../BSP/Debug\libBSP.a(system.o)
 .debug_pubtypes
                0x00000095       0x3d ../../BSP/Debug\libBSP.a(uart.o)
 .debug_pubtypes
                0x000000d2       0x1c ../../BSP/Debug\libBSP.a(font8x16.o)
 .debug_pubtypes
                0x000000ee       0x1c ../../BSP/Debug\libBSP.a(segs.o)

.debug_aranges  0x00000000       0xa0
 .debug_aranges
                0x00000000       0x20 ./lab7.o
 .debug_aranges
                0x00000020       0x20 ../../BSP/Debug\libBSP.a(lcd.o)
 .debug_aranges
                0x00000040       0x20 ../../BSP/Debug\libBSP.a(system.o)
 .debug_aranges
                0x00000060       0x20 ../../BSP/Debug\libBSP.a(uart.o)
 .debug_aranges
                0x00000080       0x20 ../../BSP/Debug\libBSP.a(segs.o)

.debug_str      0x00000000      0x583
 .debug_str     0x00000000       0xae ./lab7.o
                                 0xc7 (size before relaxing)
 .debug_str     0x000000ae      0x181 ../../BSP/Debug\libBSP.a(lcd.o)
                                0x215 (size before relaxing)
 .debug_str     0x0000022f      0x26a ../../BSP/Debug\libBSP.a(system.o)
                                0x303 (size before relaxing)
 .debug_str     0x00000499       0x95 ../../BSP/Debug\libBSP.a(uart.o)
                                0x142 (size before relaxing)
 .debug_str     0x0000052e       0x12 ../../BSP/Debug\libBSP.a(font8x16.o)
                                 0xa9 (size before relaxing)
 .debug_str     0x00000540       0x43 ../../BSP/Debug\libBSP.a(segs.o)
                                 0xdb (size before relaxing)

.comment        0x00000000       0x2a
 .comment       0x00000000       0x2a ./lab7.o
                                 0x2b (size before relaxing)
 .comment       0x00000000       0x2b ../../BSP/Debug\libBSP.a(lcd.o)
 .comment       0x00000000       0x2b ../../BSP/Debug\libBSP.a(system.o)
 .comment       0x00000000       0x2b ../../BSP/Debug\libBSP.a(uart.o)
 .comment       0x00000000       0x2b ../../BSP/Debug\libBSP.a(font8x16.o)
 .comment       0x00000000       0x2b ../../BSP/Debug\libBSP.a(segs.o)

.ARM.attributes
                0x00000000       0x32
 .ARM.attributes
                0x00000000       0x32 ./lab7.o
 .ARM.attributes
                0x00000032       0x32 ../../BSP/Debug\libBSP.a(lcd.o)
 .ARM.attributes
                0x00000064       0x32 ../../BSP/Debug\libBSP.a(system.o)
 .ARM.attributes
                0x00000096       0x32 ../../BSP/Debug\libBSP.a(uart.o)
 .ARM.attributes
                0x000000c8       0x32 ../../BSP/Debug\libBSP.a(font8x16.o)
 .ARM.attributes
                0x000000fa       0x32 ../../BSP/Debug\libBSP.a(segs.o)

.debug_frame    0x00000000      0xad0
 .debug_frame   0x00000000       0x50 ./lab7.o
 .debug_frame   0x00000050      0x270 ../../BSP/Debug\libBSP.a(lcd.o)
 .debug_frame   0x000002c0      0x650 ../../BSP/Debug\libBSP.a(system.o)
 .debug_frame   0x00000910      0x130 ../../BSP/Debug\libBSP.a(uart.o)
 .debug_frame   0x00000a40       0x90 ../../BSP/Debug\libBSP.a(segs.o)
