Archive member included because of file (symbol)

../../BSP/Debug\libBSP.a(iis.o)
                              ./lab9-wav.o (iis_init)
../../BSP/Debug\libBSP.a(keypad.o)
                              ./lab9-wav.o (keypad_pressed)
../../BSP/Debug\libBSP.a(segs.o)
                              ./lab9-wav.o (segs_init)
../../BSP/Debug\libBSP.a(system.o)
                              ./lab9-wav.o (sys_init)
../../BSP/Debug\libBSP.a(timers.o)
                              ./lab9-wav.o (timers_init)
../../BSP/Debug\libBSP.a(uart.o)
                              ./lab9-wav.o (uart0_init)
../../BSP/Debug\libBSP.a(uda1341ts.o)
                              ./lab9-wav.o (uda1341ts_init)
../../BSP/Debug\libBSP.a(dma.o)
                              ../../BSP/Debug\libBSP.a(iis.o) (bdma0_init)
../../BSP/Debug\libBSP.a(l3.o)
                              ../../BSP/Debug\libBSP.a(uda1341ts.o) (L3_init)
../../BSP/Debug\libBSP.a(leds.o)
                              ../../BSP/Debug\libBSP.a(l3.o) (led_status)
c:/users/dostatic/documents/eclipsearm/sourcery-g++-lite-arm-2011.03/bin/../lib/gcc/arm-none-eabi/4.5.2\libgcc.a(_udivsi3.o)
                              ../../BSP/Debug\libBSP.a(timers.o) (__aeabi_uidiv)
c:/users/dostatic/documents/eclipsearm/sourcery-g++-lite-arm-2011.03/bin/../lib/gcc/arm-none-eabi/4.5.2\libgcc.a(_dvmd_tls.o)
                              c:/users/dostatic/documents/eclipsearm/sourcery-g++-lite-arm-2011.03/bin/../lib/gcc/arm-none-eabi/4.5.2\libgcc.a(_udivsi3.o) (__aeabi_idiv0)
c:/users/dostatic/documents/eclipsearm/sourcery-g++-lite-arm-2011.03/bin/../lib/gcc/arm-none-eabi/4.5.2\libgcc.a(_aeabi_uldivmod.o)
                              ../../BSP/Debug\libBSP.a(timers.o) (__aeabi_uldivmod)
c:/users/dostatic/documents/eclipsearm/sourcery-g++-lite-arm-2011.03/bin/../lib/gcc/arm-none-eabi/4.5.2\libgcc.a(bpabi.o)
                              c:/users/dostatic/documents/eclipsearm/sourcery-g++-lite-arm-2011.03/bin/../lib/gcc/arm-none-eabi/4.5.2\libgcc.a(_aeabi_uldivmod.o) (__gnu_uldivmod_helper)
c:/users/dostatic/documents/eclipsearm/sourcery-g++-lite-arm-2011.03/bin/../lib/gcc/arm-none-eabi/4.5.2\libgcc.a(_divdi3.o)
                              c:/users/dostatic/documents/eclipsearm/sourcery-g++-lite-arm-2011.03/bin/../lib/gcc/arm-none-eabi/4.5.2\libgcc.a(bpabi.o) (__divdi3)
c:/users/dostatic/documents/eclipsearm/sourcery-g++-lite-arm-2011.03/bin/../lib/gcc/arm-none-eabi/4.5.2\libgcc.a(_udivdi3.o)
                              c:/users/dostatic/documents/eclipsearm/sourcery-g++-lite-arm-2011.03/bin/../lib/gcc/arm-none-eabi/4.5.2\libgcc.a(bpabi.o) (__udivdi3)
c:/users/dostatic/documents/eclipsearm/sourcery-g++-lite-arm-2011.03/bin/../lib/gcc/arm-none-eabi/4.5.2\libgcc.a(_clzsi2.o)
                              c:/users/dostatic/documents/eclipsearm/sourcery-g++-lite-arm-2011.03/bin/../lib/gcc/arm-none-eabi/4.5.2\libgcc.a(_divdi3.o) (__clzsi2)

Memory Configuration

Name             Origin             Length             Attributes
*default*        0x00000000         0xffffffff

Linker script and memory map

LOAD ./lab9-wav.o
LOAD ../../BSP/Debug\libBSP.a
START GROUP
LOAD c:/users/dostatic/documents/eclipsearm/sourcery-g++-lite-arm-2011.03/bin/../lib/gcc/arm-none-eabi/4.5.2\libgcc.a
LOAD c:/users/dostatic/documents/eclipsearm/sourcery-g++-lite-arm-2011.03/bin/../lib/gcc/arm-none-eabi/4.5.2/../../../../arm-none-eabi/lib\libc.a
END GROUP
                0x0c100000                . = 0xc100000

.text           0x0c100000     0x430c
 *(.text)
 .text          0x0c100000      0x6b0 ./lab9-wav.o
                0x0c100000                main
 .text          0x0c1006b0      0x6d4 ../../BSP/Debug\libBSP.a(iis.o)
                0x0c1006b0                iis_init
                0x0c1007d0                iis_putSample
                0x0c100834                iis_getSample
                0x0c1008a8                iis_play
                0x0c100a60                iis_rec
                0x0c100bc8                iis_pause
                0x0c100c20                iis_continue
                0x0c100c48                iis_status
                0x0c100c7c                iis_playWawFile
 .text          0x0c100d84      0x514 ../../BSP/Debug\libBSP.a(keypad.o)
                0x0c100d84                keypad_scan
                0x0c100fa8                keypad_pressed
                0x0c100fe8                keypad_open
                0x0c101040                keypad_close
                0x0c101084                keypad_init
                0x0c1010bc                keypad_getchar
                0x0c101130                keypad_getchartime
                0x0c1011d8                keypad_timeout_getchar
 .text          0x0c101298       0xd4 ../../BSP/Debug\libBSP.a(segs.o)
                0x0c101298                segs_init
                0x0c1012b4                segs_off
                0x0c1012ec                segs_putchar
                0x0c101344                segs_status
 .text          0x0c10136c      0xd68 ../../BSP/Debug\libBSP.a(system.o)
                0x0c10136c                sys_init
                0x0c1018e0                isr_SWI_dummy
                0x0c10190c                isr_UNDEF_dummy
                0x0c101938                isr_IRQ_dummy
                0x0c101964                isr_FIQ_dummy
                0x0c101990                isr_PABORT_dummy
                0x0c1019bc                isr_DABORT_dummy
                0x0c1019e8                isr_ADC_dummy
                0x0c101a14                isr_RTC_dummy
                0x0c101a40                isr_UTXD1_dummy
                0x0c101a6c                isr_UTXD0_dummy
                0x0c101a98                isr_SIO_dummy
                0x0c101ac4                isr_IIC_dummy
                0x0c101af0                isr_URXD1_dummy
                0x0c101b1c                isr_URXD0_dummy
                0x0c101b48                isr_TIMER5_dummy
                0x0c101b74                isr_TIMER4_dummy
                0x0c101ba0                isr_TIMER3_dummy
                0x0c101bcc                isr_TIMER2_dummy
                0x0c101bf8                isr_TIMER1_dummy
                0x0c101c24                isr_TIMER0_dummy
                0x0c101c50                isr_UERR01_dummy
                0x0c101c7c                isr_WDT_dummy
                0x0c101ca8                isr_BDMA1_dummy
                0x0c101cd4                isr_BDMA0_dummy
                0x0c101d00                isr_ZDMA1_dummy
                0x0c101d2c                isr_ZDMA0_dummy
                0x0c101d58                isr_TICK_dummy
                0x0c101d84                isr_PB_dummy
                0x0c101db0                isr_ETHERNET_dummy
                0x0c101ddc                isr_TS_dummy
                0x0c101e08                isr_KEYPAD_dummy
                0x0c101e34                isr_USB_dummy
                0x0c101e84                sleep
 .text          0x0c1020d4      0xa58 ../../BSP/Debug\libBSP.a(timers.o)
                0x0c1020d4                timers_init
                0x0c1021e8                wait_for_1ms
                0x0c1022a0                wait_for_1s
                0x0c102418                timer3_delay_ms
                0x0c10245c                sw_delay_ms
                0x0c1024b4                timer3_delay_s
                0x0c1024f8                sw_delay_s
                0x0c102550                timer3_start
                0x0c102600                timer3_stop
                0x0c102654                timer3_start_timeout
                0x0c10270c                timer3_timeout
                0x0c102748                timer0_open_tick
                0x0c102988                timer0_open_ms
                0x0c102a94                timer0_close
 .text          0x0c102b2c      0x590 ../../BSP/Debug\libBSP.a(uart.o)
                0x0c102b2c                uart0_init
                0x0c102b90                uart0_putchar
                0x0c102be0                uart0_getchar
                0x0c102c28                uart0_puts
                0x0c102c78                uart0_putint
                0x0c102d84                uart0_puthex
                0x0c102e3c                uart0_gets
                0x0c102ea8                uart0_getint
                0x0c102f7c                uart0_gethex
 .text          0x0c1030bc      0x288 ../../BSP/Debug\libBSP.a(uda1341ts.o)
                0x0c1030bc                uda1341ts_init
                0x0c103138                uda1341ts_mute
                0x0c103190                uda1341ts_on
                0x0c103204                uda1341ts_off
                0x0c103284                uda1341ts_status
                0x0c1032c4                uda1341ts_setvol
                0x0c10331c                uda1341ts_getvol
 .text          0x0c103344       0xf4 ../../BSP/Debug\libBSP.a(dma.o)
                0x0c103344                bdma0_init
                0x0c103398                bdma0_open
                0x0c1033f4                bdma0_close
 .text          0x0c103438      0x1e8 ../../BSP/Debug\libBSP.a(l3.o)
                0x0c103438                L3_init
                0x0c103468                L3_putByte
 .text          0x0c103620      0x1f4 ../../BSP/Debug\libBSP.a(leds.o)
                0x0c103620                leds_init
                0x0c103650                led_on
                0x0c1036bc                led_off
                0x0c103728                led_toggle
                0x0c103794                led_status
 .text          0x0c103814      0x114 c:/users/dostatic/documents/eclipsearm/sourcery-g++-lite-arm-2011.03/bin/../lib/gcc/arm-none-eabi/4.5.2\libgcc.a(_udivsi3.o)
                0x0c103814                __aeabi_uidiv
                0x0c103814                __udivsi3
                0x0c103908                __aeabi_uidivmod
 .text          0x0c103928        0x4 c:/users/dostatic/documents/eclipsearm/sourcery-g++-lite-arm-2011.03/bin/../lib/gcc/arm-none-eabi/4.5.2\libgcc.a(_dvmd_tls.o)
                0x0c103928                __aeabi_idiv0
                0x0c103928                __aeabi_ldiv0
 .text          0x0c10392c       0x3c c:/users/dostatic/documents/eclipsearm/sourcery-g++-lite-arm-2011.03/bin/../lib/gcc/arm-none-eabi/4.5.2\libgcc.a(_aeabi_uldivmod.o)
                0x0c10392c                __aeabi_uldivmod
 .text          0x0c103968       0x80 c:/users/dostatic/documents/eclipsearm/sourcery-g++-lite-arm-2011.03/bin/../lib/gcc/arm-none-eabi/4.5.2\libgcc.a(bpabi.o)
                0x0c103968                __gnu_ldivmod_helper
                0x0c1039a8                __gnu_uldivmod_helper
 .text          0x0c1039e8      0x4a8 c:/users/dostatic/documents/eclipsearm/sourcery-g++-lite-arm-2011.03/bin/../lib/gcc/arm-none-eabi/4.5.2\libgcc.a(_divdi3.o)
                0x0c1039e8                __divdi3
 .text          0x0c103e90      0x434 c:/users/dostatic/documents/eclipsearm/sourcery-g++-lite-arm-2011.03/bin/../lib/gcc/arm-none-eabi/4.5.2\libgcc.a(_udivdi3.o)
                0x0c103e90                __udivdi3
 .text          0x0c1042c4       0x48 c:/users/dostatic/documents/eclipsearm/sourcery-g++-lite-arm-2011.03/bin/../lib/gcc/arm-none-eabi/4.5.2\libgcc.a(_clzsi2.o)
                0x0c1042c4                __clzsi2

.glue_7         0x0c10430c        0x0
 .glue_7        0x00000000        0x0 linker stubs

.glue_7t        0x0c10430c        0x0
 .glue_7t       0x00000000        0x0 linker stubs

.vfp11_veneer   0x0c10430c        0x0
 .vfp11_veneer  0x00000000        0x0 linker stubs

.v4_bx          0x0c10430c        0x0
 .v4_bx         0x00000000        0x0 linker stubs

.rodata         0x0c10430c      0x9f8
 *(.rodata)
 .rodata        0x0c10430c      0x3f4 ./lab9-wav.o
 .rodata        0x0c104700       0x10 ../../BSP/Debug\libBSP.a(segs.o)
 .rodata        0x0c104710      0x5f4 ../../BSP/Debug\libBSP.a(system.o)

.ARM.extab      0x0c104d04        0x0
 .ARM.extab     0x0c104d04        0x0 c:/users/dostatic/documents/eclipsearm/sourcery-g++-lite-arm-2011.03/bin/../lib/gcc/arm-none-eabi/4.5.2\libgcc.a(_divdi3.o)
 .ARM.extab     0x0c104d04        0x0 c:/users/dostatic/documents/eclipsearm/sourcery-g++-lite-arm-2011.03/bin/../lib/gcc/arm-none-eabi/4.5.2\libgcc.a(_udivdi3.o)

.ARM.exidx      0x0c104d04        0x8
 .ARM.exidx     0x0c104d04        0x8 c:/users/dostatic/documents/eclipsearm/sourcery-g++-lite-arm-2011.03/bin/../lib/gcc/arm-none-eabi/4.5.2\libgcc.a(_divdi3.o)
 .ARM.exidx     0x0c104d0c        0x0 c:/users/dostatic/documents/eclipsearm/sourcery-g++-lite-arm-2011.03/bin/../lib/gcc/arm-none-eabi/4.5.2\libgcc.a(_udivdi3.o)
                                  0x8 (size before relaxing)

.data           0x0c104d0c        0x0
 *(.data)
 .data          0x0c104d0c        0x0 ./lab9-wav.o
 .data          0x0c104d0c        0x0 ../../BSP/Debug\libBSP.a(iis.o)
 .data          0x0c104d0c        0x0 ../../BSP/Debug\libBSP.a(keypad.o)
 .data          0x0c104d0c        0x0 ../../BSP/Debug\libBSP.a(segs.o)
 .data          0x0c104d0c        0x0 ../../BSP/Debug\libBSP.a(system.o)
 .data          0x0c104d0c        0x0 ../../BSP/Debug\libBSP.a(timers.o)
 .data          0x0c104d0c        0x0 ../../BSP/Debug\libBSP.a(uart.o)
 .data          0x0c104d0c        0x0 ../../BSP/Debug\libBSP.a(uda1341ts.o)
 .data          0x0c104d0c        0x0 ../../BSP/Debug\libBSP.a(dma.o)
 .data          0x0c104d0c        0x0 ../../BSP/Debug\libBSP.a(l3.o)
 .data          0x0c104d0c        0x0 ../../BSP/Debug\libBSP.a(leds.o)
 .data          0x0c104d0c        0x0 c:/users/dostatic/documents/eclipsearm/sourcery-g++-lite-arm-2011.03/bin/../lib/gcc/arm-none-eabi/4.5.2\libgcc.a(_udivsi3.o)
 .data          0x0c104d0c        0x0 c:/users/dostatic/documents/eclipsearm/sourcery-g++-lite-arm-2011.03/bin/../lib/gcc/arm-none-eabi/4.5.2\libgcc.a(_dvmd_tls.o)
 .data          0x0c104d0c        0x0 c:/users/dostatic/documents/eclipsearm/sourcery-g++-lite-arm-2011.03/bin/../lib/gcc/arm-none-eabi/4.5.2\libgcc.a(_aeabi_uldivmod.o)
 .data          0x0c104d0c        0x0 c:/users/dostatic/documents/eclipsearm/sourcery-g++-lite-arm-2011.03/bin/../lib/gcc/arm-none-eabi/4.5.2\libgcc.a(bpabi.o)
 .data          0x0c104d0c        0x0 c:/users/dostatic/documents/eclipsearm/sourcery-g++-lite-arm-2011.03/bin/../lib/gcc/arm-none-eabi/4.5.2\libgcc.a(_divdi3.o)
 .data          0x0c104d0c        0x0 c:/users/dostatic/documents/eclipsearm/sourcery-g++-lite-arm-2011.03/bin/../lib/gcc/arm-none-eabi/4.5.2\libgcc.a(_udivdi3.o)
 .data          0x0c104d0c        0x0 c:/users/dostatic/documents/eclipsearm/sourcery-g++-lite-arm-2011.03/bin/../lib/gcc/arm-none-eabi/4.5.2\libgcc.a(_clzsi2.o)

.bss            0x0c104d0c        0xe
 *(.bss)
 .bss           0x0c104d0c        0x0 ./lab9-wav.o
 .bss           0x0c104d0c        0x1 ../../BSP/Debug\libBSP.a(iis.o)
 .bss           0x0c104d0d        0x0 ../../BSP/Debug\libBSP.a(keypad.o)
 .bss           0x0c104d0d        0x1 ../../BSP/Debug\libBSP.a(segs.o)
 .bss           0x0c104d0e        0x0 ../../BSP/Debug\libBSP.a(system.o)
 *fill*         0x0c104d0e        0x2 00
 .bss           0x0c104d10        0x8 ../../BSP/Debug\libBSP.a(timers.o)
 .bss           0x0c104d18        0x0 ../../BSP/Debug\libBSP.a(uart.o)
 .bss           0x0c104d18        0x2 ../../BSP/Debug\libBSP.a(uda1341ts.o)
 .bss           0x0c104d1a        0x0 ../../BSP/Debug\libBSP.a(dma.o)
 .bss           0x0c104d1a        0x0 ../../BSP/Debug\libBSP.a(l3.o)
 .bss           0x0c104d1a        0x0 ../../BSP/Debug\libBSP.a(leds.o)
 .bss           0x0c104d1a        0x0 c:/users/dostatic/documents/eclipsearm/sourcery-g++-lite-arm-2011.03/bin/../lib/gcc/arm-none-eabi/4.5.2\libgcc.a(_udivsi3.o)
 .bss           0x0c104d1a        0x0 c:/users/dostatic/documents/eclipsearm/sourcery-g++-lite-arm-2011.03/bin/../lib/gcc/arm-none-eabi/4.5.2\libgcc.a(_dvmd_tls.o)
 .bss           0x0c104d1a        0x0 c:/users/dostatic/documents/eclipsearm/sourcery-g++-lite-arm-2011.03/bin/../lib/gcc/arm-none-eabi/4.5.2\libgcc.a(_aeabi_uldivmod.o)
 .bss           0x0c104d1a        0x0 c:/users/dostatic/documents/eclipsearm/sourcery-g++-lite-arm-2011.03/bin/../lib/gcc/arm-none-eabi/4.5.2\libgcc.a(bpabi.o)
 .bss           0x0c104d1a        0x0 c:/users/dostatic/documents/eclipsearm/sourcery-g++-lite-arm-2011.03/bin/../lib/gcc/arm-none-eabi/4.5.2\libgcc.a(_divdi3.o)
 .bss           0x0c104d1a        0x0 c:/users/dostatic/documents/eclipsearm/sourcery-g++-lite-arm-2011.03/bin/../lib/gcc/arm-none-eabi/4.5.2\libgcc.a(_udivdi3.o)
 .bss           0x0c104d1a        0x0 c:/users/dostatic/documents/eclipsearm/sourcery-g++-lite-arm-2011.03/bin/../lib/gcc/arm-none-eabi/4.5.2\libgcc.a(_clzsi2.o)
                0x0c104d1a                end = .
OUTPUT(lab9-wav.elf elf32-littlearm)

.debug_abbrev   0x00000000      0x80d
 .debug_abbrev  0x00000000       0x6c ./lab9-wav.o
 .debug_abbrev  0x0000006c       0xd4 ../../BSP/Debug\libBSP.a(iis.o)
 .debug_abbrev  0x00000140       0xe9 ../../BSP/Debug\libBSP.a(keypad.o)
 .debug_abbrev  0x00000229       0xb3 ../../BSP/Debug\libBSP.a(segs.o)
 .debug_abbrev  0x000002dc       0xeb ../../BSP/Debug\libBSP.a(system.o)
 .debug_abbrev  0x000003c7       0xdd ../../BSP/Debug\libBSP.a(timers.o)
 .debug_abbrev  0x000004a4       0xf4 ../../BSP/Debug\libBSP.a(uart.o)
 .debug_abbrev  0x00000598       0xc2 ../../BSP/Debug\libBSP.a(uda1341ts.o)
 .debug_abbrev  0x0000065a       0x84 ../../BSP/Debug\libBSP.a(dma.o)
 .debug_abbrev  0x000006de       0xa4 ../../BSP/Debug\libBSP.a(l3.o)
 .debug_abbrev  0x00000782       0x8b ../../BSP/Debug\libBSP.a(leds.o)

.debug_info     0x00000000     0x148b
 .debug_info    0x00000000       0xb5 ./lab9-wav.o
 .debug_info    0x000000b5      0x2ac ../../BSP/Debug\libBSP.a(iis.o)
 .debug_info    0x00000361      0x1c2 ../../BSP/Debug\libBSP.a(keypad.o)
 .debug_info    0x00000523      0x10d ../../BSP/Debug\libBSP.a(segs.o)
 .debug_info    0x00000630      0x424 ../../BSP/Debug\libBSP.a(system.o)
 .debug_info    0x00000a54      0x2c7 ../../BSP/Debug\libBSP.a(timers.o)
 .debug_info    0x00000d1b      0x2b8 ../../BSP/Debug\libBSP.a(uart.o)
 .debug_info    0x00000fd3      0x188 ../../BSP/Debug\libBSP.a(uda1341ts.o)
 .debug_info    0x0000115b       0xc7 ../../BSP/Debug\libBSP.a(dma.o)
 .debug_info    0x00001222      0x13c ../../BSP/Debug\libBSP.a(l3.o)
 .debug_info    0x0000135e      0x12d ../../BSP/Debug\libBSP.a(leds.o)

.debug_line     0x00000000      0xc1e
 .debug_line    0x00000000      0x1ab ./lab9-wav.o
 .debug_line    0x000001ab      0x123 ../../BSP/Debug\libBSP.a(iis.o)
 .debug_line    0x000002ce      0x122 ../../BSP/Debug\libBSP.a(keypad.o)
 .debug_line    0x000003f0       0x93 ../../BSP/Debug\libBSP.a(segs.o)
 .debug_line    0x00000483      0x230 ../../BSP/Debug\libBSP.a(system.o)
 .debug_line    0x000006b3      0x18f ../../BSP/Debug\libBSP.a(timers.o)
 .debug_line    0x00000842      0x127 ../../BSP/Debug\libBSP.a(uart.o)
 .debug_line    0x00000969       0xa4 ../../BSP/Debug\libBSP.a(uda1341ts.o)
 .debug_line    0x00000a0d       0x90 ../../BSP/Debug\libBSP.a(dma.o)
 .debug_line    0x00000a9d       0xbf ../../BSP/Debug\libBSP.a(l3.o)
 .debug_line    0x00000b5c       0xc2 ../../BSP/Debug\libBSP.a(leds.o)

.debug_macinfo  0x00000000    0x31408
 .debug_macinfo
                0x00000000     0x4da4 ./lab9-wav.o
 .debug_macinfo
                0x00004da4     0x4d1f ../../BSP/Debug\libBSP.a(iis.o)
 .debug_macinfo
                0x00009ac3     0x4eba ../../BSP/Debug\libBSP.a(keypad.o)
 .debug_macinfo
                0x0000e97d     0x4d01 ../../BSP/Debug\libBSP.a(segs.o)
 .debug_macinfo
                0x0001367e     0x5568 ../../BSP/Debug\libBSP.a(system.o)
 .debug_macinfo
                0x00018be6     0x4d1b ../../BSP/Debug\libBSP.a(timers.o)
 .debug_macinfo
                0x0001d901     0x430d ../../BSP/Debug\libBSP.a(uart.o)
 .debug_macinfo
                0x00021c0e     0x244e ../../BSP/Debug\libBSP.a(uda1341ts.o)
 .debug_macinfo
                0x0002405c     0x4cee ../../BSP/Debug\libBSP.a(dma.o)
 .debug_macinfo
                0x00028d4a     0x4392 ../../BSP/Debug\libBSP.a(l3.o)
 .debug_macinfo
                0x0002d0dc     0x432c ../../BSP/Debug\libBSP.a(leds.o)

.debug_loc      0x00000000     0x1188
 .debug_loc     0x00000000       0x2c ./lab9-wav.o
 .debug_loc     0x0000002c      0x1b8 ../../BSP/Debug\libBSP.a(iis.o)
 .debug_loc     0x000001e4      0x160 ../../BSP/Debug\libBSP.a(keypad.o)
 .debug_loc     0x00000344       0xb0 ../../BSP/Debug\libBSP.a(segs.o)
 .debug_loc     0x000003f4      0x688 ../../BSP/Debug\libBSP.a(system.o)
 .debug_loc     0x00000a7c      0x294 ../../BSP/Debug\libBSP.a(timers.o)
 .debug_loc     0x00000d10      0x18c ../../BSP/Debug\libBSP.a(uart.o)
 .debug_loc     0x00000e9c      0x134 ../../BSP/Debug\libBSP.a(uda1341ts.o)
 .debug_loc     0x00000fd0       0x84 ../../BSP/Debug\libBSP.a(dma.o)
 .debug_loc     0x00001054       0x58 ../../BSP/Debug\libBSP.a(l3.o)
 .debug_loc     0x000010ac       0xdc ../../BSP/Debug\libBSP.a(leds.o)

.debug_pubnames
                0x00000000      0x761
 .debug_pubnames
                0x00000000       0x1b ./lab9-wav.o
 .debug_pubnames
                0x0000001b       0x9e ../../BSP/Debug\libBSP.a(iis.o)
 .debug_pubnames
                0x000000b9       0xab ../../BSP/Debug\libBSP.a(keypad.o)
 .debug_pubnames
                0x00000164       0x4e ../../BSP/Debug\libBSP.a(segs.o)
 .debug_pubnames
                0x000001b2      0x29d ../../BSP/Debug\libBSP.a(system.o)
 .debug_pubnames
                0x0000044f      0x10f ../../BSP/Debug\libBSP.a(timers.o)
 .debug_pubnames
                0x0000055e       0xa7 ../../BSP/Debug\libBSP.a(uart.o)
 .debug_pubnames
                0x00000605       0x9a ../../BSP/Debug\libBSP.a(uda1341ts.o)
 .debug_pubnames
                0x0000069f       0x40 ../../BSP/Debug\libBSP.a(dma.o)
 .debug_pubnames
                0x000006df       0x2d ../../BSP/Debug\libBSP.a(l3.o)
 .debug_pubnames
                0x0000070c       0x55 ../../BSP/Debug\libBSP.a(leds.o)

.debug_pubtypes
                0x00000000      0x1e2
 .debug_pubtypes
                0x00000000       0x32 ./lab9-wav.o
 .debug_pubtypes
                0x00000032       0x31 ../../BSP/Debug\libBSP.a(iis.o)
 .debug_pubtypes
                0x00000063       0x32 ../../BSP/Debug\libBSP.a(keypad.o)
 .debug_pubtypes
                0x00000095       0x1c ../../BSP/Debug\libBSP.a(segs.o)
 .debug_pubtypes
                0x000000b1       0x27 ../../BSP/Debug\libBSP.a(system.o)
 .debug_pubtypes
                0x000000d8       0x3d ../../BSP/Debug\libBSP.a(timers.o)
 .debug_pubtypes
                0x00000115       0x3d ../../BSP/Debug\libBSP.a(uart.o)
 .debug_pubtypes
                0x00000152       0x1c ../../BSP/Debug\libBSP.a(uda1341ts.o)
 .debug_pubtypes
                0x0000016e       0x1d ../../BSP/Debug\libBSP.a(dma.o)
 .debug_pubtypes
                0x0000018b       0x30 ../../BSP/Debug\libBSP.a(l3.o)
 .debug_pubtypes
                0x000001bb       0x27 ../../BSP/Debug\libBSP.a(leds.o)

.debug_aranges  0x00000000      0x160
 .debug_aranges
                0x00000000       0x20 ./lab9-wav.o
 .debug_aranges
                0x00000020       0x20 ../../BSP/Debug\libBSP.a(iis.o)
 .debug_aranges
                0x00000040       0x20 ../../BSP/Debug\libBSP.a(keypad.o)
 .debug_aranges
                0x00000060       0x20 ../../BSP/Debug\libBSP.a(segs.o)
 .debug_aranges
                0x00000080       0x20 ../../BSP/Debug\libBSP.a(system.o)
 .debug_aranges
                0x000000a0       0x20 ../../BSP/Debug\libBSP.a(timers.o)
 .debug_aranges
                0x000000c0       0x20 ../../BSP/Debug\libBSP.a(uart.o)
 .debug_aranges
                0x000000e0       0x20 ../../BSP/Debug\libBSP.a(uda1341ts.o)
 .debug_aranges
                0x00000100       0x20 ../../BSP/Debug\libBSP.a(dma.o)
 .debug_aranges
                0x00000120       0x20 ../../BSP/Debug\libBSP.a(l3.o)
 .debug_aranges
                0x00000140       0x20 ../../BSP/Debug\libBSP.a(leds.o)

.debug_str      0x00000000      0x78c
 .debug_str     0x00000000       0xb7 ./lab9-wav.o
                                 0xd6 (size before relaxing)
 .debug_str     0x000000b7       0xd5 ../../BSP/Debug\libBSP.a(iis.o)
                                0x160 (size before relaxing)
 .debug_str     0x0000018c       0x99 ../../BSP/Debug\libBSP.a(keypad.o)
                                0x14b (size before relaxing)
 .debug_str     0x00000225       0x49 ../../BSP/Debug\libBSP.a(segs.o)
                                 0xf4 (size before relaxing)
 .debug_str     0x0000026e      0x265 ../../BSP/Debug\libBSP.a(system.o)
                                0x31c (size before relaxing)
 .debug_str     0x000004d3       0xf9 ../../BSP/Debug\libBSP.a(timers.o)
                                0x1b7 (size before relaxing)
 .debug_str     0x000005cc       0x96 ../../BSP/Debug\libBSP.a(uart.o)
                                0x15b (size before relaxing)
 .debug_str     0x00000662       0x90 ../../BSP/Debug\libBSP.a(uda1341ts.o)
                                0x141 (size before relaxing)
 .debug_str     0x000006f2       0x2f ../../BSP/Debug\libBSP.a(dma.o)
                                 0xdb (size before relaxing)
 .debug_str     0x00000721       0x2e ../../BSP/Debug\libBSP.a(l3.o)
                                 0xea (size before relaxing)
 .debug_str     0x0000074f       0x3d ../../BSP/Debug\libBSP.a(leds.o)
                                 0xef (size before relaxing)

.comment        0x00000000       0x2a
 .comment       0x00000000       0x2a ./lab9-wav.o
                                 0x2b (size before relaxing)
 .comment       0x00000000       0x2b ../../BSP/Debug\libBSP.a(iis.o)
 .comment       0x00000000       0x2b ../../BSP/Debug\libBSP.a(keypad.o)
 .comment       0x00000000       0x2b ../../BSP/Debug\libBSP.a(segs.o)
 .comment       0x00000000       0x2b ../../BSP/Debug\libBSP.a(system.o)
 .comment       0x00000000       0x2b ../../BSP/Debug\libBSP.a(timers.o)
 .comment       0x00000000       0x2b ../../BSP/Debug\libBSP.a(uart.o)
 .comment       0x00000000       0x2b ../../BSP/Debug\libBSP.a(uda1341ts.o)
 .comment       0x00000000       0x2b ../../BSP/Debug\libBSP.a(dma.o)
 .comment       0x00000000       0x2b ../../BSP/Debug\libBSP.a(l3.o)
 .comment       0x00000000       0x2b ../../BSP/Debug\libBSP.a(leds.o)

.ARM.attributes
                0x00000000       0x32
 .ARM.attributes
                0x00000000       0x32 ./lab9-wav.o
 .ARM.attributes
                0x00000032       0x32 ../../BSP/Debug\libBSP.a(iis.o)
 .ARM.attributes
                0x00000064       0x32 ../../BSP/Debug\libBSP.a(keypad.o)
 .ARM.attributes
                0x00000096       0x32 ../../BSP/Debug\libBSP.a(segs.o)
 .ARM.attributes
                0x000000c8       0x32 ../../BSP/Debug\libBSP.a(system.o)
 .ARM.attributes
                0x000000fa       0x32 ../../BSP/Debug\libBSP.a(timers.o)
 .ARM.attributes
                0x0000012c       0x32 ../../BSP/Debug\libBSP.a(uart.o)
 .ARM.attributes
                0x0000015e       0x32 ../../BSP/Debug\libBSP.a(uda1341ts.o)
 .ARM.attributes
                0x00000190       0x32 ../../BSP/Debug\libBSP.a(dma.o)
 .ARM.attributes
                0x000001c2       0x32 ../../BSP/Debug\libBSP.a(l3.o)
 .ARM.attributes
                0x000001f4       0x32 ../../BSP/Debug\libBSP.a(leds.o)
 .ARM.attributes
                0x00000226       0x1a c:/users/dostatic/documents/eclipsearm/sourcery-g++-lite-arm-2011.03/bin/../lib/gcc/arm-none-eabi/4.5.2\libgcc.a(_udivsi3.o)
 .ARM.attributes
                0x00000240       0x18 c:/users/dostatic/documents/eclipsearm/sourcery-g++-lite-arm-2011.03/bin/../lib/gcc/arm-none-eabi/4.5.2\libgcc.a(_dvmd_tls.o)
 .ARM.attributes
                0x00000258       0x1a c:/users/dostatic/documents/eclipsearm/sourcery-g++-lite-arm-2011.03/bin/../lib/gcc/arm-none-eabi/4.5.2\libgcc.a(_aeabi_uldivmod.o)
 .ARM.attributes
                0x00000272       0x34 c:/users/dostatic/documents/eclipsearm/sourcery-g++-lite-arm-2011.03/bin/../lib/gcc/arm-none-eabi/4.5.2\libgcc.a(bpabi.o)
 .ARM.attributes
                0x000002a6       0x34 c:/users/dostatic/documents/eclipsearm/sourcery-g++-lite-arm-2011.03/bin/../lib/gcc/arm-none-eabi/4.5.2\libgcc.a(_divdi3.o)
 .ARM.attributes
                0x000002da       0x34 c:/users/dostatic/documents/eclipsearm/sourcery-g++-lite-arm-2011.03/bin/../lib/gcc/arm-none-eabi/4.5.2\libgcc.a(_udivdi3.o)
 .ARM.attributes
                0x0000030e       0x1a c:/users/dostatic/documents/eclipsearm/sourcery-g++-lite-arm-2011.03/bin/../lib/gcc/arm-none-eabi/4.5.2\libgcc.a(_clzsi2.o)

.debug_frame    0x00000000      0xfe8
 .debug_frame   0x00000000       0x30 ./lab9-wav.o
 .debug_frame   0x00000030      0x158 ../../BSP/Debug\libBSP.a(iis.o)
 .debug_frame   0x00000188      0x110 ../../BSP/Debug\libBSP.a(keypad.o)
 .debug_frame   0x00000298       0x90 ../../BSP/Debug\libBSP.a(segs.o)
 .debug_frame   0x00000328      0x650 ../../BSP/Debug\libBSP.a(system.o)
 .debug_frame   0x00000978      0x1f8 ../../BSP/Debug\libBSP.a(timers.o)
 .debug_frame   0x00000b70      0x130 ../../BSP/Debug\libBSP.a(uart.o)
 .debug_frame   0x00000ca0       0xf0 ../../BSP/Debug\libBSP.a(uda1341ts.o)
 .debug_frame   0x00000d90       0x70 ../../BSP/Debug\libBSP.a(dma.o)
 .debug_frame   0x00000e00       0x50 ../../BSP/Debug\libBSP.a(l3.o)
 .debug_frame   0x00000e50       0xb0 ../../BSP/Debug\libBSP.a(leds.o)
 .debug_frame   0x00000f00       0x20 c:/users/dostatic/documents/eclipsearm/sourcery-g++-lite-arm-2011.03/bin/../lib/gcc/arm-none-eabi/4.5.2\libgcc.a(_udivsi3.o)
 .debug_frame   0x00000f20       0x50 c:/users/dostatic/documents/eclipsearm/sourcery-g++-lite-arm-2011.03/bin/../lib/gcc/arm-none-eabi/4.5.2\libgcc.a(bpabi.o)
 .debug_frame   0x00000f70       0x3c c:/users/dostatic/documents/eclipsearm/sourcery-g++-lite-arm-2011.03/bin/../lib/gcc/arm-none-eabi/4.5.2\libgcc.a(_divdi3.o)
 .debug_frame   0x00000fac       0x3c c:/users/dostatic/documents/eclipsearm/sourcery-g++-lite-arm-2011.03/bin/../lib/gcc/arm-none-eabi/4.5.2\libgcc.a(_udivdi3.o)
