Archive member included because of file (symbol)

../../BSP/Debug\libBSP.a(keypad.o)
                              ./lab6.o (keypad_pressed)
../../BSP/Debug\libBSP.a(pbs.o)
                              ./lab6.o (pbs_init)
../../BSP/Debug\libBSP.a(system.o)
                              ./lab6.o (sys_init)
../../BSP/Debug\libBSP.a(timers.o)
                              ./lab6.o (timers_init)
../../BSP/Debug\libBSP.a(uart.o)
                              ./lab6.o (uart0_init)
../../BSP/Debug\libBSP.a(segs.o)
                              ../../BSP/Debug\libBSP.a(system.o) (segs_init)
c:/software/electronica/arm/eclipsearm/sourcery-g++-lite-arm-2011.03/bin/../lib/gcc/arm-none-eabi/4.5.2\libgcc.a(_udivsi3.o)
                              ../../BSP/Debug\libBSP.a(timers.o) (__aeabi_uidiv)
c:/software/electronica/arm/eclipsearm/sourcery-g++-lite-arm-2011.03/bin/../lib/gcc/arm-none-eabi/4.5.2\libgcc.a(_dvmd_tls.o)
                              c:/software/electronica/arm/eclipsearm/sourcery-g++-lite-arm-2011.03/bin/../lib/gcc/arm-none-eabi/4.5.2\libgcc.a(_udivsi3.o) (__aeabi_idiv0)
c:/software/electronica/arm/eclipsearm/sourcery-g++-lite-arm-2011.03/bin/../lib/gcc/arm-none-eabi/4.5.2\libgcc.a(_aeabi_uldivmod.o)
                              ../../BSP/Debug\libBSP.a(timers.o) (__aeabi_uldivmod)
c:/software/electronica/arm/eclipsearm/sourcery-g++-lite-arm-2011.03/bin/../lib/gcc/arm-none-eabi/4.5.2\libgcc.a(bpabi.o)
                              c:/software/electronica/arm/eclipsearm/sourcery-g++-lite-arm-2011.03/bin/../lib/gcc/arm-none-eabi/4.5.2\libgcc.a(_aeabi_uldivmod.o) (__gnu_uldivmod_helper)
c:/software/electronica/arm/eclipsearm/sourcery-g++-lite-arm-2011.03/bin/../lib/gcc/arm-none-eabi/4.5.2\libgcc.a(_divdi3.o)
                              c:/software/electronica/arm/eclipsearm/sourcery-g++-lite-arm-2011.03/bin/../lib/gcc/arm-none-eabi/4.5.2\libgcc.a(bpabi.o) (__divdi3)
c:/software/electronica/arm/eclipsearm/sourcery-g++-lite-arm-2011.03/bin/../lib/gcc/arm-none-eabi/4.5.2\libgcc.a(_udivdi3.o)
                              c:/software/electronica/arm/eclipsearm/sourcery-g++-lite-arm-2011.03/bin/../lib/gcc/arm-none-eabi/4.5.2\libgcc.a(bpabi.o) (__udivdi3)
c:/software/electronica/arm/eclipsearm/sourcery-g++-lite-arm-2011.03/bin/../lib/gcc/arm-none-eabi/4.5.2\libgcc.a(_clzsi2.o)
                              c:/software/electronica/arm/eclipsearm/sourcery-g++-lite-arm-2011.03/bin/../lib/gcc/arm-none-eabi/4.5.2\libgcc.a(_divdi3.o) (__clzsi2)

Allocating common symbols
Common symbol       size              file

flagPbs             0x1               ./lab6.o
flagKeypad          0x1               ./lab6.o
flagTimer0          0x1               ./lab6.o

Memory Configuration

Name             Origin             Length             Attributes
*default*        0x00000000         0xffffffff

Linker script and memory map

LOAD ./lab6.o
LOAD ../../BSP/Debug\libBSP.a
START GROUP
LOAD c:/software/electronica/arm/eclipsearm/sourcery-g++-lite-arm-2011.03/bin/../lib/gcc/arm-none-eabi/4.5.2\libgcc.a
LOAD c:/software/electronica/arm/eclipsearm/sourcery-g++-lite-arm-2011.03/bin/../lib/gcc/arm-none-eabi/4.5.2/../../../../arm-none-eabi/lib\libc.a
END GROUP
                0x0c100000                . = 0xc100000

.text           0x0c100000     0x3ba0
 *(.text)
 .text          0x0c100000      0xa10 ./lab6.o
                0x0c100000                main
                0x0c1008b4                one_second_loop
                0x0c1008f8                isr_timer0
                0x0c100938                isr_keypad
                0x0c100978                isr_pbs
 .text          0x0c100a10      0x508 ../../BSP/Debug\libBSP.a(keypad.o)
                0x0c100a10                keypad_scan
                0x0c100c34                keypad_pressed
                0x0c100c74                keypad_open
                0x0c100ccc                keypad_close
                0x0c100d10                keypad_init
                0x0c100d48                keypad_getchar
                0x0c100db0                keypad_getchartime
                0x0c100e4c                keypad_timeout_getchar
 .text          0x0c100f18      0x36c ../../BSP/Debug\libBSP.a(pbs.o)
                0x0c100f18                pbs_init
                0x0c100f34                pb_scan
                0x0c100f90                pb_pressed
                0x0c100fe4                pb_getchar
                0x0c101058                pb_getchartime
                0x0c101100                pb_timeout_getchar
                0x0c1011d8                pbs_open
                0x0c101240                pbs_close
 .text          0x0c101284      0xd68 ../../BSP/Debug\libBSP.a(system.o)
                0x0c101284                sys_init
                0x0c1017f8                isr_SWI_dummy
                0x0c101824                isr_UNDEF_dummy
                0x0c101850                isr_IRQ_dummy
                0x0c10187c                isr_FIQ_dummy
                0x0c1018a8                isr_PABORT_dummy
                0x0c1018d4                isr_DABORT_dummy
                0x0c101900                isr_ADC_dummy
                0x0c10192c                isr_RTC_dummy
                0x0c101958                isr_UTXD1_dummy
                0x0c101984                isr_UTXD0_dummy
                0x0c1019b0                isr_SIO_dummy
                0x0c1019dc                isr_IIC_dummy
                0x0c101a08                isr_URXD1_dummy
                0x0c101a34                isr_URXD0_dummy
                0x0c101a60                isr_TIMER5_dummy
                0x0c101a8c                isr_TIMER4_dummy
                0x0c101ab8                isr_TIMER3_dummy
                0x0c101ae4                isr_TIMER2_dummy
                0x0c101b10                isr_TIMER1_dummy
                0x0c101b3c                isr_TIMER0_dummy
                0x0c101b68                isr_UERR01_dummy
                0x0c101b94                isr_WDT_dummy
                0x0c101bc0                isr_BDMA1_dummy
                0x0c101bec                isr_BDMA0_dummy
                0x0c101c18                isr_ZDMA1_dummy
                0x0c101c44                isr_ZDMA0_dummy
                0x0c101c70                isr_TICK_dummy
                0x0c101c9c                isr_PB_dummy
                0x0c101cc8                isr_ETHERNET_dummy
                0x0c101cf4                isr_TS_dummy
                0x0c101d20                isr_KEYPAD_dummy
                0x0c101d4c                isr_USB_dummy
                0x0c101d9c                sleep
 .text          0x0c101fec      0xa58 ../../BSP/Debug\libBSP.a(timers.o)
                0x0c101fec                timers_init
                0x0c102100                wait_for_1ms
                0x0c1021b8                wait_for_1s
                0x0c102330                timer3_delay_ms
                0x0c102374                sw_delay_ms
                0x0c1023cc                timer3_delay_s
                0x0c102410                sw_delay_s
                0x0c102468                timer3_start
                0x0c102518                timer3_stop
                0x0c10256c                timer3_start_timeout
                0x0c102624                timer3_timeout
                0x0c102660                timer0_open_tick
                0x0c1028a0                timer0_open_ms
                0x0c1029ac                timer0_close
 .text          0x0c102a44      0x590 ../../BSP/Debug\libBSP.a(uart.o)
                0x0c102a44                uart0_init
                0x0c102aa8                uart0_putchar
                0x0c102af8                uart0_getchar
                0x0c102b40                uart0_puts
                0x0c102b90                uart0_putint
                0x0c102c9c                uart0_puthex
                0x0c102d54                uart0_gets
                0x0c102dc0                uart0_getint
                0x0c102e94                uart0_gethex
 .text          0x0c102fd4       0xd4 ../../BSP/Debug\libBSP.a(segs.o)
                0x0c102fd4                segs_init
                0x0c102ff0                segs_off
                0x0c103028                segs_putchar
                0x0c103080                segs_status
 .text          0x0c1030a8      0x114 c:/software/electronica/arm/eclipsearm/sourcery-g++-lite-arm-2011.03/bin/../lib/gcc/arm-none-eabi/4.5.2\libgcc.a(_udivsi3.o)
                0x0c1030a8                __aeabi_uidiv
                0x0c1030a8                __udivsi3
                0x0c10319c                __aeabi_uidivmod
 .text          0x0c1031bc        0x4 c:/software/electronica/arm/eclipsearm/sourcery-g++-lite-arm-2011.03/bin/../lib/gcc/arm-none-eabi/4.5.2\libgcc.a(_dvmd_tls.o)
                0x0c1031bc                __aeabi_idiv0
                0x0c1031bc                __aeabi_ldiv0
 .text          0x0c1031c0       0x3c c:/software/electronica/arm/eclipsearm/sourcery-g++-lite-arm-2011.03/bin/../lib/gcc/arm-none-eabi/4.5.2\libgcc.a(_aeabi_uldivmod.o)
                0x0c1031c0                __aeabi_uldivmod
 .text          0x0c1031fc       0x80 c:/software/electronica/arm/eclipsearm/sourcery-g++-lite-arm-2011.03/bin/../lib/gcc/arm-none-eabi/4.5.2\libgcc.a(bpabi.o)
                0x0c1031fc                __gnu_ldivmod_helper
                0x0c10323c                __gnu_uldivmod_helper
 .text          0x0c10327c      0x4a8 c:/software/electronica/arm/eclipsearm/sourcery-g++-lite-arm-2011.03/bin/../lib/gcc/arm-none-eabi/4.5.2\libgcc.a(_divdi3.o)
                0x0c10327c                __divdi3
 .text          0x0c103724      0x434 c:/software/electronica/arm/eclipsearm/sourcery-g++-lite-arm-2011.03/bin/../lib/gcc/arm-none-eabi/4.5.2\libgcc.a(_udivdi3.o)
                0x0c103724                __udivdi3
 .text          0x0c103b58       0x48 c:/software/electronica/arm/eclipsearm/sourcery-g++-lite-arm-2011.03/bin/../lib/gcc/arm-none-eabi/4.5.2\libgcc.a(_clzsi2.o)
                0x0c103b58                __clzsi2

.glue_7         0x0c103ba0        0x0
 .glue_7        0x00000000        0x0 linker stubs

.glue_7t        0x0c103ba0        0x0
 .glue_7t       0x00000000        0x0 linker stubs

.vfp11_veneer   0x0c103ba0        0x0
 .vfp11_veneer  0x00000000        0x0 linker stubs

.v4_bx          0x0c103ba0        0x0
 .v4_bx         0x00000000        0x0 linker stubs

.rodata         0x0c103ba0      0xdf8
 *(.rodata)
 .rodata        0x0c103ba0      0x7f4 ./lab6.o
 .rodata        0x0c104394      0x5f4 ../../BSP/Debug\libBSP.a(system.o)
 .rodata        0x0c104988       0x10 ../../BSP/Debug\libBSP.a(segs.o)

.ARM.extab      0x0c104998        0x0
 .ARM.extab     0x0c104998        0x0 c:/software/electronica/arm/eclipsearm/sourcery-g++-lite-arm-2011.03/bin/../lib/gcc/arm-none-eabi/4.5.2\libgcc.a(_divdi3.o)
 .ARM.extab     0x0c104998        0x0 c:/software/electronica/arm/eclipsearm/sourcery-g++-lite-arm-2011.03/bin/../lib/gcc/arm-none-eabi/4.5.2\libgcc.a(_udivdi3.o)

.ARM.exidx      0x0c104998        0x8
 .ARM.exidx     0x0c104998        0x8 c:/software/electronica/arm/eclipsearm/sourcery-g++-lite-arm-2011.03/bin/../lib/gcc/arm-none-eabi/4.5.2\libgcc.a(_divdi3.o)
 .ARM.exidx     0x0c1049a0        0x0 c:/software/electronica/arm/eclipsearm/sourcery-g++-lite-arm-2011.03/bin/../lib/gcc/arm-none-eabi/4.5.2\libgcc.a(_udivdi3.o)
                                  0x8 (size before relaxing)

.data           0x0c1049a0        0x0
 *(.data)
 .data          0x0c1049a0        0x0 ./lab6.o
 .data          0x0c1049a0        0x0 ../../BSP/Debug\libBSP.a(keypad.o)
 .data          0x0c1049a0        0x0 ../../BSP/Debug\libBSP.a(pbs.o)
 .data          0x0c1049a0        0x0 ../../BSP/Debug\libBSP.a(system.o)
 .data          0x0c1049a0        0x0 ../../BSP/Debug\libBSP.a(timers.o)
 .data          0x0c1049a0        0x0 ../../BSP/Debug\libBSP.a(uart.o)
 .data          0x0c1049a0        0x0 ../../BSP/Debug\libBSP.a(segs.o)
 .data          0x0c1049a0        0x0 c:/software/electronica/arm/eclipsearm/sourcery-g++-lite-arm-2011.03/bin/../lib/gcc/arm-none-eabi/4.5.2\libgcc.a(_udivsi3.o)
 .data          0x0c1049a0        0x0 c:/software/electronica/arm/eclipsearm/sourcery-g++-lite-arm-2011.03/bin/../lib/gcc/arm-none-eabi/4.5.2\libgcc.a(_dvmd_tls.o)
 .data          0x0c1049a0        0x0 c:/software/electronica/arm/eclipsearm/sourcery-g++-lite-arm-2011.03/bin/../lib/gcc/arm-none-eabi/4.5.2\libgcc.a(_aeabi_uldivmod.o)
 .data          0x0c1049a0        0x0 c:/software/electronica/arm/eclipsearm/sourcery-g++-lite-arm-2011.03/bin/../lib/gcc/arm-none-eabi/4.5.2\libgcc.a(bpabi.o)
 .data          0x0c1049a0        0x0 c:/software/electronica/arm/eclipsearm/sourcery-g++-lite-arm-2011.03/bin/../lib/gcc/arm-none-eabi/4.5.2\libgcc.a(_divdi3.o)
 .data          0x0c1049a0        0x0 c:/software/electronica/arm/eclipsearm/sourcery-g++-lite-arm-2011.03/bin/../lib/gcc/arm-none-eabi/4.5.2\libgcc.a(_udivdi3.o)
 .data          0x0c1049a0        0x0 c:/software/electronica/arm/eclipsearm/sourcery-g++-lite-arm-2011.03/bin/../lib/gcc/arm-none-eabi/4.5.2\libgcc.a(_clzsi2.o)

.bss            0x0c1049a0        0xc
 *(.bss)
 .bss           0x0c1049a0        0x0 ./lab6.o
 .bss           0x0c1049a0        0x0 ../../BSP/Debug\libBSP.a(keypad.o)
 .bss           0x0c1049a0        0x0 ../../BSP/Debug\libBSP.a(pbs.o)
 .bss           0x0c1049a0        0x0 ../../BSP/Debug\libBSP.a(system.o)
 .bss           0x0c1049a0        0x8 ../../BSP/Debug\libBSP.a(timers.o)
 .bss           0x0c1049a8        0x0 ../../BSP/Debug\libBSP.a(uart.o)
 .bss           0x0c1049a8        0x1 ../../BSP/Debug\libBSP.a(segs.o)
 .bss           0x0c1049a9        0x0 c:/software/electronica/arm/eclipsearm/sourcery-g++-lite-arm-2011.03/bin/../lib/gcc/arm-none-eabi/4.5.2\libgcc.a(_udivsi3.o)
 .bss           0x0c1049a9        0x0 c:/software/electronica/arm/eclipsearm/sourcery-g++-lite-arm-2011.03/bin/../lib/gcc/arm-none-eabi/4.5.2\libgcc.a(_dvmd_tls.o)
 .bss           0x0c1049a9        0x0 c:/software/electronica/arm/eclipsearm/sourcery-g++-lite-arm-2011.03/bin/../lib/gcc/arm-none-eabi/4.5.2\libgcc.a(_aeabi_uldivmod.o)
 .bss           0x0c1049a9        0x0 c:/software/electronica/arm/eclipsearm/sourcery-g++-lite-arm-2011.03/bin/../lib/gcc/arm-none-eabi/4.5.2\libgcc.a(bpabi.o)
 .bss           0x0c1049a9        0x0 c:/software/electronica/arm/eclipsearm/sourcery-g++-lite-arm-2011.03/bin/../lib/gcc/arm-none-eabi/4.5.2\libgcc.a(_divdi3.o)
 .bss           0x0c1049a9        0x0 c:/software/electronica/arm/eclipsearm/sourcery-g++-lite-arm-2011.03/bin/../lib/gcc/arm-none-eabi/4.5.2\libgcc.a(_udivdi3.o)
 .bss           0x0c1049a9        0x0 c:/software/electronica/arm/eclipsearm/sourcery-g++-lite-arm-2011.03/bin/../lib/gcc/arm-none-eabi/4.5.2\libgcc.a(_clzsi2.o)
 COMMON         0x0c1049a9        0x3 ./lab6.o
                0x0c1049a9                flagPbs
                0x0c1049aa                flagKeypad
                0x0c1049ab                flagTimer0
                0x0c1049ac                end = .
OUTPUT(lab6.elf elf32-littlearm)

.debug_abbrev   0x00000000      0x5ed
 .debug_abbrev  0x00000000       0xd2 ./lab6.o
 .debug_abbrev  0x000000d2       0xe9 ../../BSP/Debug\libBSP.a(keypad.o)
 .debug_abbrev  0x000001bb       0xc3 ../../BSP/Debug\libBSP.a(pbs.o)
 .debug_abbrev  0x0000027e       0xeb ../../BSP/Debug\libBSP.a(system.o)
 .debug_abbrev  0x00000369       0xdd ../../BSP/Debug\libBSP.a(timers.o)
 .debug_abbrev  0x00000446       0xf4 ../../BSP/Debug\libBSP.a(uart.o)
 .debug_abbrev  0x0000053a       0xb3 ../../BSP/Debug\libBSP.a(segs.o)

.debug_info     0x00000000      0xfd0
 .debug_info    0x00000000      0x1ab ./lab6.o
 .debug_info    0x000001ab      0x1c2 ../../BSP/Debug\libBSP.a(keypad.o)
 .debug_info    0x0000036d      0x1b3 ../../BSP/Debug\libBSP.a(pbs.o)
 .debug_info    0x00000520      0x424 ../../BSP/Debug\libBSP.a(system.o)
 .debug_info    0x00000944      0x2c7 ../../BSP/Debug\libBSP.a(timers.o)
 .debug_info    0x00000c0b      0x2b8 ../../BSP/Debug\libBSP.a(uart.o)
 .debug_info    0x00000ec3      0x10d ../../BSP/Debug\libBSP.a(segs.o)

.debug_line     0x00000000      0x9b3
 .debug_line    0x00000000      0x219 ./lab6.o
 .debug_line    0x00000219      0x123 ../../BSP/Debug\libBSP.a(keypad.o)
 .debug_line    0x0000033c       0xfe ../../BSP/Debug\libBSP.a(pbs.o)
 .debug_line    0x0000043a      0x230 ../../BSP/Debug\libBSP.a(system.o)
 .debug_line    0x0000066a      0x18f ../../BSP/Debug\libBSP.a(timers.o)
 .debug_line    0x000007f9      0x127 ../../BSP/Debug\libBSP.a(uart.o)
 .debug_line    0x00000920       0x93 ../../BSP/Debug\libBSP.a(segs.o)

.debug_macinfo  0x00000000    0x22321
 .debug_macinfo
                0x00000000     0x5445 ./lab6.o
 .debug_macinfo
                0x00005445     0x4eba ../../BSP/Debug\libBSP.a(keypad.o)
 .debug_macinfo
                0x0000a2ff     0x4d91 ../../BSP/Debug\libBSP.a(pbs.o)
 .debug_macinfo
                0x0000f090     0x5568 ../../BSP/Debug\libBSP.a(system.o)
 .debug_macinfo
                0x000145f8     0x4d1b ../../BSP/Debug\libBSP.a(timers.o)
 .debug_macinfo
                0x00019313     0x430d ../../BSP/Debug\libBSP.a(uart.o)
 .debug_macinfo
                0x0001d620     0x4d01 ../../BSP/Debug\libBSP.a(segs.o)

.debug_loc      0x00000000      0xef4
 .debug_loc     0x00000000       0xdc ./lab6.o
 .debug_loc     0x000000dc      0x160 ../../BSP/Debug\libBSP.a(keypad.o)
 .debug_loc     0x0000023c      0x160 ../../BSP/Debug\libBSP.a(pbs.o)
 .debug_loc     0x0000039c      0x688 ../../BSP/Debug\libBSP.a(system.o)
 .debug_loc     0x00000a24      0x294 ../../BSP/Debug\libBSP.a(timers.o)
 .debug_loc     0x00000cb8      0x18c ../../BSP/Debug\libBSP.a(uart.o)
 .debug_loc     0x00000e44       0xb0 ../../BSP/Debug\libBSP.a(segs.o)

.debug_pubnames
                0x00000000      0x65d
 .debug_pubnames
                0x00000000       0x83 ./lab6.o
 .debug_pubnames
                0x00000083       0xab ../../BSP/Debug\libBSP.a(keypad.o)
 .debug_pubnames
                0x0000012e       0x8e ../../BSP/Debug\libBSP.a(pbs.o)
 .debug_pubnames
                0x000001bc      0x29d ../../BSP/Debug\libBSP.a(system.o)
 .debug_pubnames
                0x00000459      0x10f ../../BSP/Debug\libBSP.a(timers.o)
 .debug_pubnames
                0x00000568       0xa7 ../../BSP/Debug\libBSP.a(uart.o)
 .debug_pubnames
                0x0000060f       0x4e ../../BSP/Debug\libBSP.a(segs.o)

.debug_pubtypes
                0x00000000      0x15f
 .debug_pubtypes
                0x00000000       0x3e ./lab6.o
 .debug_pubtypes
                0x0000003e       0x32 ../../BSP/Debug\libBSP.a(keypad.o)
 .debug_pubtypes
                0x00000070       0x32 ../../BSP/Debug\libBSP.a(pbs.o)
 .debug_pubtypes
                0x000000a2       0x27 ../../BSP/Debug\libBSP.a(system.o)
 .debug_pubtypes
                0x000000c9       0x3d ../../BSP/Debug\libBSP.a(timers.o)
 .debug_pubtypes
                0x00000106       0x3d ../../BSP/Debug\libBSP.a(uart.o)
 .debug_pubtypes
                0x00000143       0x1c ../../BSP/Debug\libBSP.a(segs.o)

.debug_aranges  0x00000000       0xe0
 .debug_aranges
                0x00000000       0x20 ./lab6.o
 .debug_aranges
                0x00000020       0x20 ../../BSP/Debug\libBSP.a(keypad.o)
 .debug_aranges
                0x00000040       0x20 ../../BSP/Debug\libBSP.a(pbs.o)
 .debug_aranges
                0x00000060       0x20 ../../BSP/Debug\libBSP.a(system.o)
 .debug_aranges
                0x00000080       0x20 ../../BSP/Debug\libBSP.a(timers.o)
 .debug_aranges
                0x000000a0       0x20 ../../BSP/Debug\libBSP.a(uart.o)
 .debug_aranges
                0x000000c0       0x20 ../../BSP/Debug\libBSP.a(segs.o)

.debug_str      0x00000000      0x645
 .debug_str     0x00000000       0xfa ./lab6.o
                                0x118 (size before relaxing)
 .debug_str     0x000000fa       0xa0 ../../BSP/Debug\libBSP.a(keypad.o)
                                0x132 (size before relaxing)
 .debug_str     0x0000019a       0x69 ../../BSP/Debug\libBSP.a(pbs.o)
                                0x112 (size before relaxing)
 .debug_str     0x00000203      0x26a ../../BSP/Debug\libBSP.a(system.o)
                                0x303 (size before relaxing)
 .debug_str     0x0000046d       0xf9 ../../BSP/Debug\libBSP.a(timers.o)
                                0x19e (size before relaxing)
 .debug_str     0x00000566       0x96 ../../BSP/Debug\libBSP.a(uart.o)
                                0x142 (size before relaxing)
 .debug_str     0x000005fc       0x49 ../../BSP/Debug\libBSP.a(segs.o)
                                 0xdb (size before relaxing)

.comment        0x00000000       0x2a
 .comment       0x00000000       0x2a ./lab6.o
                                 0x2b (size before relaxing)
 .comment       0x00000000       0x2b ../../BSP/Debug\libBSP.a(keypad.o)
 .comment       0x00000000       0x2b ../../BSP/Debug\libBSP.a(pbs.o)
 .comment       0x00000000       0x2b ../../BSP/Debug\libBSP.a(system.o)
 .comment       0x00000000       0x2b ../../BSP/Debug\libBSP.a(timers.o)
 .comment       0x00000000       0x2b ../../BSP/Debug\libBSP.a(uart.o)
 .comment       0x00000000       0x2b ../../BSP/Debug\libBSP.a(segs.o)

.ARM.attributes
                0x00000000       0x32
 .ARM.attributes
                0x00000000       0x32 ./lab6.o
 .ARM.attributes
                0x00000032       0x32 ../../BSP/Debug\libBSP.a(keypad.o)
 .ARM.attributes
                0x00000064       0x32 ../../BSP/Debug\libBSP.a(pbs.o)
 .ARM.attributes
                0x00000096       0x32 ../../BSP/Debug\libBSP.a(system.o)
 .ARM.attributes
                0x000000c8       0x32 ../../BSP/Debug\libBSP.a(timers.o)
 .ARM.attributes
                0x000000fa       0x32 ../../BSP/Debug\libBSP.a(uart.o)
 .ARM.attributes
                0x0000012c       0x32 ../../BSP/Debug\libBSP.a(segs.o)
 .ARM.attributes
                0x0000015e       0x1a c:/software/electronica/arm/eclipsearm/sourcery-g++-lite-arm-2011.03/bin/../lib/gcc/arm-none-eabi/4.5.2\libgcc.a(_udivsi3.o)
 .ARM.attributes
                0x00000178       0x18 c:/software/electronica/arm/eclipsearm/sourcery-g++-lite-arm-2011.03/bin/../lib/gcc/arm-none-eabi/4.5.2\libgcc.a(_dvmd_tls.o)
 .ARM.attributes
                0x00000190       0x1a c:/software/electronica/arm/eclipsearm/sourcery-g++-lite-arm-2011.03/bin/../lib/gcc/arm-none-eabi/4.5.2\libgcc.a(_aeabi_uldivmod.o)
 .ARM.attributes
                0x000001aa       0x34 c:/software/electronica/arm/eclipsearm/sourcery-g++-lite-arm-2011.03/bin/../lib/gcc/arm-none-eabi/4.5.2\libgcc.a(bpabi.o)
 .ARM.attributes
                0x000001de       0x34 c:/software/electronica/arm/eclipsearm/sourcery-g++-lite-arm-2011.03/bin/../lib/gcc/arm-none-eabi/4.5.2\libgcc.a(_divdi3.o)
 .ARM.attributes
                0x00000212       0x34 c:/software/electronica/arm/eclipsearm/sourcery-g++-lite-arm-2011.03/bin/../lib/gcc/arm-none-eabi/4.5.2\libgcc.a(_udivdi3.o)
 .ARM.attributes
                0x00000246       0x1a c:/software/electronica/arm/eclipsearm/sourcery-g++-lite-arm-2011.03/bin/../lib/gcc/arm-none-eabi/4.5.2\libgcc.a(_clzsi2.o)

.debug_frame    0x00000000      0xddc
 .debug_frame   0x00000000       0xcc ./lab6.o
 .debug_frame   0x000000cc      0x110 ../../BSP/Debug\libBSP.a(keypad.o)
 .debug_frame   0x000001dc      0x110 ../../BSP/Debug\libBSP.a(pbs.o)
 .debug_frame   0x000002ec      0x650 ../../BSP/Debug\libBSP.a(system.o)
 .debug_frame   0x0000093c      0x1f8 ../../BSP/Debug\libBSP.a(timers.o)
 .debug_frame   0x00000b34      0x130 ../../BSP/Debug\libBSP.a(uart.o)
 .debug_frame   0x00000c64       0x90 ../../BSP/Debug\libBSP.a(segs.o)
 .debug_frame   0x00000cf4       0x20 c:/software/electronica/arm/eclipsearm/sourcery-g++-lite-arm-2011.03/bin/../lib/gcc/arm-none-eabi/4.5.2\libgcc.a(_udivsi3.o)
 .debug_frame   0x00000d14       0x50 c:/software/electronica/arm/eclipsearm/sourcery-g++-lite-arm-2011.03/bin/../lib/gcc/arm-none-eabi/4.5.2\libgcc.a(bpabi.o)
 .debug_frame   0x00000d64       0x3c c:/software/electronica/arm/eclipsearm/sourcery-g++-lite-arm-2011.03/bin/../lib/gcc/arm-none-eabi/4.5.2\libgcc.a(_divdi3.o)
 .debug_frame   0x00000da0       0x3c c:/software/electronica/arm/eclipsearm/sourcery-g++-lite-arm-2011.03/bin/../lib/gcc/arm-none-eabi/4.5.2\libgcc.a(_udivdi3.o)
